\BOOKMARK [0][-]{chapter*.1}{\376\377\000R\000e\000m\000e\000r\000c\000i\000e\000m\000e\000n\000t\000s}{}% 1
\BOOKMARK [0][-]{chapter*.2}{\376\377\000R\000\351\000s\000u\000m\000\351}{}% 2
\BOOKMARK [0][-]{chapter*.3}{\376\377\000A\000b\000s\000t\000r\000a\000c\000t}{}% 3
\BOOKMARK [0][-]{contents.0}{\376\377\000T\000a\000b\000l\000e\000\040\000d\000e\000s\000\040\000m\000a\000t\000i\000\350\000r\000e\000s}{}% 4
\BOOKMARK [0][-]{figures.0}{\376\377\000T\000a\000b\000l\000e\000\040\000d\000e\000s\000\040\000f\000i\000g\000u\000r\000e\000s}{}% 5
\BOOKMARK [0][-]{chapter.1}{\376\377\000I\000n\000t\000r\000o\000d\000u\000c\000t\000i\000o\000n}{}% 6
\BOOKMARK [1][-]{section.1.1}{\376\377\000C\000o\000n\000t\000e\000x\000t\000e}{chapter.1}% 7
\BOOKMARK [1][-]{section.1.2}{\376\377\000P\000r\000o\000b\000l\000\351\000m\000a\000t\000i\000q\000u\000e}{chapter.1}% 8
\BOOKMARK [1][-]{section.1.3}{\376\377\000O\000r\000g\000a\000n\000i\000s\000a\000t\000i\000o\000n}{chapter.1}% 9
\BOOKMARK [-1][-]{part.1}{\376\377\000I\000\040\000C\000o\000n\000t\000e\000x\000t\000e\000\040\000e\000t\000\040\000e\000n\000v\000i\000r\000o\000n\000n\000e\000m\000e\000n\000t}{}% 10
\BOOKMARK [0][-]{chapter.2}{\376\377\000E\000v\000e\000r\000b\000l\000o\000o\000\040\000e\000t\000\040\000m\000o\000n\000\040\000r\000\364\000l\000e\000\040\000d\000a\000n\000s\000\040\000l\000'\000\351\000q\000u\000i\000p\000e}{part.1}% 11
\BOOKMARK [1][-]{section.2.1}{\376\377\000L\000'\000e\000n\000t\000r\000e\000p\000r\000i\000s\000e\000\040\000d\000'\000a\000c\000c\000u\000e\000i\000l}{chapter.2}% 12
\BOOKMARK [1][-]{section.2.2}{\376\377\000L\000a\000\040\000p\000l\000a\000t\000e\000f\000o\000r\000m\000e\000\040\000M\000e\000t\000i\000s}{chapter.2}% 13
\BOOKMARK [1][-]{section.2.3}{\376\377\000O\000r\000g\000a\000n\000i\000s\000a\000t\000i\000o\000n\000\040\000d\000e\000\040\000l\000'\000\351\000q\000u\000i\000p\000e}{chapter.2}% 14
\BOOKMARK [2][-]{subsection.2.3.1}{\376\377\000M\000o\000n\000\040\000r\000\364\000l\000e}{section.2.3}% 15
\BOOKMARK [0][-]{chapter.3}{\376\377\000S\000t\000a\000c\000k\000\040\000e\000t\000\040\000a\000r\000c\000h\000i\000t\000e\000c\000t\000u\000r\000e\000\040\000M\000e\000t\000i\000s}{part.1}% 16
\BOOKMARK [1][-]{section.3.1}{\376\377\000S\000t\000a\000c\000k\000\040\000e\000t\000\040\000e\000n\000v\000i\000r\000o\000n\000n\000e\000m\000e\000n\000t\000\040\000d\000e\000\040\000d\000\351\000v\000e\000l\000o\000p\000p\000e\000m\000e\000n\000t}{chapter.3}% 17
\BOOKMARK [1][-]{section.3.2}{\376\377\000D\000\351\000c\000o\000u\000p\000a\000g\000e\000\040\000d\000e\000s\000\040\000s\000e\000r\000v\000i\000c\000e\000s}{chapter.3}% 18
\BOOKMARK [1][-]{section.3.3}{\376\377\000P\000a\000s\000s\000a\000g\000e\000\040\000\340\000\040\000l\000a\000\040\000p\000r\000o\000b\000l\000\351\000m\000a\000t\000i\000q\000u\000e}{chapter.3}% 19
\BOOKMARK [0][-]{chapter.4}{\376\377\000P\000r\000o\000b\000l\000\351\000m\000a\000t\000i\000q\000u\000e\000\040\000t\000e\000c\000h\000n\000i\000q\000u\000e}{part.1}% 20
\BOOKMARK [1][-]{section.4.1}{\376\377\000\311\000c\000a\000r\000t\000s\000\040\000G\000D\000S\000\040\000/\000\040\000N\000D\000C\000\040\000d\000a\000n\000s\000\040\000l\000e\000\040\000p\000a\000n\000i\000e\000r}{chapter.4}% 21
\BOOKMARK [1][-]{section.4.2}{\376\377\000C\000h\000o\000i\000x\000\040\000d\000e\000\040\000c\000o\000n\000c\000e\000p\000t\000i\000o\000n}{chapter.4}% 22
\BOOKMARK [-1][-]{part.2}{\376\377\000I\000I\000\040\000R\000\351\000a\000l\000i\000s\000a\000t\000i\000o\000n\000s}{}% 23
\BOOKMARK [0][-]{chapter.5}{\376\377\000G\000D\000S\000\040\000e\000t\000\040\000N\000D\000C\000\040\000d\000a\000n\000s\000\040\000l\000e\000\040\000m\000\352\000m\000e\000\040\000m\000o\000t\000e\000u\000r}{part.2}% 24
\BOOKMARK [1][-]{section.5.1}{\376\377\000I\000n\000t\000e\000r\000f\000a\000c\000e\000\040\000d\000e\000\040\000r\000e\000c\000h\000e\000r\000c\000h\000e\000\040\000M\000e\000t\000i\000s\000\040\000C\000o\000n\000n\000e\000c\000t}{chapter.5}% 25
\BOOKMARK [1][-]{section.5.2}{\376\377\000N\000o\000r\000m\000a\000l\000i\000s\000a\000t\000i\000o\000n\000\040\000d\000e\000s\000\040\000o\000f\000f\000r\000e\000s\000\040\000v\000i\000a\000\040\000a\000d\000a\000p\000t\000a\000t\000e\000u\000r\000s}{chapter.5}% 26
\BOOKMARK [1][-]{section.5.3}{\376\377\000T\000e\000r\000m\000i\000n\000a\000l\000\040\000c\000r\000y\000p\000t\000i\000q\000u\000e\000\040\000p\000o\000u\000r\000\040\000b\000i\000l\000l\000e\000t\000t\000i\000s\000t\000e\000s}{chapter.5}% 27
\BOOKMARK [1][-]{section.5.4}{\376\377\000S\000e\000g\000m\000e\000n\000t\000s\000\040\000p\000a\000s\000s\000i\000f\000s\000\040\000A\000m\000a\000d\000e\000u\000s\000\040\000e\000t\000\040\000S\000a\000b\000r\000e}{chapter.5}% 28
\BOOKMARK [1][-]{section.5.5}{\376\377\000S\000y\000n\000c\000h\000r\000o\000n\000i\000s\000a\000t\000i\000o\000n\000\040\000d\000e\000s\000\040\000P\000N\000R}{chapter.5}% 29
\BOOKMARK [0][-]{chapter.6}{\376\377\000R\000\351\000s\000e\000r\000v\000a\000t\000i\000o\000n\000,\000\040\000c\000h\000e\000c\000k\000o\000u\000t\000\040\000e\000t\000\040\000r\000e\000t\000a\000r\000i\000f\000i\000c\000a\000t\000i\000o\000n}{part.2}% 30
\BOOKMARK [1][-]{section.6.1}{\376\377\000\311\000c\000a\000r\000t\000s\000\040\000t\000a\000r\000i\000f\000a\000i\000r\000e\000s\000\040\000\050\000r\000e\000s\000h\000o\000p\000p\000i\000n\000g\000\051}{chapter.6}% 31
\BOOKMARK [1][-]{section.6.2}{\376\377\000A\000p\000p\000a\000i\000r\000a\000g\000e\000\040\000d\000e\000s\000\040\000p\000a\000s\000s\000a\000g\000e\000r\000s\000\040\000a\000v\000a\000n\000t\000\040\000O\000r\000d\000e\000r\000C\000r\000e\000a\000t\000e}{chapter.6}% 32
\BOOKMARK [0][-]{chapter.7}{\376\377\000F\000i\000l\000t\000r\000a\000g\000e\000\040\000m\000u\000l\000t\000i\000-\000c\000o\000m\000p\000a\000g\000n\000i\000e\000s\000\040\000e\000t\000\040\000p\000e\000r\000f\000s\000\040\000r\000e\000c\000h\000e\000r\000c\000h\000e}{part.2}% 33
\BOOKMARK [1][-]{section.7.1}{\376\377\000F\000i\000l\000t\000r\000e\000s\000\040\000c\000o\000m\000p\000a\000g\000n\000i\000e\000s\000\040\000e\000t\000\040\000p\000r\000\351\000f\000\351\000r\000e\000n\000c\000e\000s}{chapter.7}% 34
\BOOKMARK [1][-]{section.7.2}{\376\377\000O\000p\000t\000i\000m\000i\000s\000a\000t\000i\000o\000n\000\040\000d\000e\000s\000\040\000r\000e\000q\000u\000\352\000t\000e\000s\000\040\000d\000e\000\040\000r\000e\000c\000h\000e\000r\000c\000h\000e}{chapter.7}% 35
\BOOKMARK [0][-]{chapter.8}{\376\377\000M\000u\000l\000t\000i\000-\000d\000e\000v\000i\000s\000e\000s\000\040\000e\000t\000\040\000c\000a\000l\000c\000u\000l\000s\000\040\000t\000a\000r\000i\000f\000a\000i\000r\000e\000s}{part.2}% 36
\BOOKMARK [1][-]{section.8.1}{\376\377\000D\000e\000v\000i\000s\000e\000\040\000d\000u\000\040\000p\000o\000i\000n\000t\000\040\000d\000e\000\040\000v\000e\000n\000t\000e}{chapter.8}% 37
\BOOKMARK [1][-]{section.8.2}{\376\377\000F\000o\000r\000m\000a\000t\000a\000g\000e\000\040\000e\000t\000\040\000n\000o\000r\000m\000e\000\040\000I\000S\000O\000\040\0004\0002\0001\0007}{chapter.8}% 38
\BOOKMARK [0][-]{chapter.9}{\376\377\000B\000a\000c\000k\000-\000O\000f\000f\000i\000c\000e\000\040\000e\000t\000\040\000p\000a\000r\000a\000m\000\351\000t\000r\000a\000g\000e\000\040\000d\000e\000s\000\040\000a\000g\000e\000n\000c\000e\000s}{part.2}% 39
\BOOKMARK [1][-]{section.9.1}{\376\377\000P\000a\000r\000a\000m\000\351\000t\000r\000a\000g\000e\000\040\000d\000e\000s\000\040\000p\000o\000i\000n\000t\000s\000\040\000d\000e\000\040\000v\000e\000n\000t\000e}{chapter.9}% 40
\BOOKMARK [1][-]{section.9.2}{\376\377\000I\000m\000p\000o\000r\000t\000\040\000p\000a\000r\000\040\000l\000o\000t\000s\000\040\000d\000e\000s\000\040\000p\000r\000o\000f\000i\000l\000s\000\040\000S\000a\000b\000r\000e}{chapter.9}% 41
\BOOKMARK [0][-]{chapter.10}{\376\377\000T\000e\000s\000t\000s\000\040\000e\000t\000\040\000m\000e\000s\000u\000r\000e\000s\000\040\000e\000n\000\040\000p\000r\000o\000d\000u\000c\000t\000i\000o\000n}{part.2}% 42
\BOOKMARK [1][-]{section.10.1}{\376\377\000T\000e\000s\000t\000s\000\040\000u\000n\000i\000t\000a\000i\000r\000e\000s\000\040\000e\000t\000\040\000d\000'\000i\000n\000t\000\351\000g\000r\000a\000t\000i\000o\000n}{chapter.10}% 43
\BOOKMARK [1][-]{section.10.2}{\376\377\000M\000e\000s\000u\000r\000e\000s\000\040\000e\000n\000\040\000p\000r\000o\000d\000u\000c\000t\000i\000o\000n}{chapter.10}% 44
\BOOKMARK [-1][-]{part.3}{\376\377\000I\000I\000I\000\040\000B\000i\000l\000a\000n\000\040\000e\000t\000\040\000r\000e\000t\000o\000u\000r\000s\000\040\000d\000'\000e\000x\000p\000\351\000r\000i\000e\000n\000c\000e}{}% 45
\BOOKMARK [0][-]{chapter.11}{\376\377\000L\000i\000m\000i\000t\000e\000s\000\040\000o\000b\000s\000e\000r\000v\000\351\000e\000s\000\040\000e\000n\000\040\000p\000r\000o\000d\000u\000c\000t\000i\000o\000n}{part.3}% 46
\BOOKMARK [1][-]{section.11.1}{\376\377\000B\000i\000l\000a\000n\000\040\000a\000p\000r\000\350\000s\000\040\0003\0008\000\040\000m\000o\000i\000s}{chapter.11}% 47
\BOOKMARK [1][-]{section.11.2}{\376\377\000C\000o\000m\000p\000r\000o\000m\000i\000s\000\040\000f\000o\000r\000c\000\351\000s\000\040\000e\000n\000\040\000p\000r\000o\000d\000u\000c\000t\000i\000o\000n}{chapter.11}% 48
\BOOKMARK [2][-]{subsection.11.2.1}{\376\377\000H\000o\000m\000o\000n\000y\000m\000e\000s}{section.11.2}% 49
\BOOKMARK [2][-]{subsection.11.2.2}{\376\377\000S\000e\000g\000m\000e\000n\000t\000s\000\040\000p\000a\000s\000s\000i\000f\000s\000\040\000v\000s\000\040\000E\000R\000P\000\040\000a\000g\000e\000n\000c\000e\000s}{section.11.2}% 50
\BOOKMARK [2][-]{subsection.11.2.3}{\376\377\000C\000a\000n\000o\000n\000i\000c\000a\000l\000F\000l\000i\000g\000h\000t\000O\000f\000f\000e\000r\000\040\000e\000t\000\040\000l\000e\000s\000\040\000B\000r\000a\000n\000d\000e\000d\000\040\000F\000a\000r\000e\000s}{section.11.2}% 51
\BOOKMARK [2][-]{subsection.11.2.4}{\376\377\000L\000e\000\040\0004\0000\0009\000\040\000n\000e\000\040\000s\000a\000u\000v\000e\000\040\000p\000a\000s\000\040\000t\000o\000u\000s\000\040\000l\000e\000s\000\040\000p\000a\000n\000i\000e\000r\000s}{section.11.2}% 52
\BOOKMARK [0][-]{chapter.12}{\376\377\000I\000n\000c\000i\000d\000e\000n\000t\000s\000\040\000d\000e\000\040\000p\000r\000o\000d\000u\000c\000t\000i\000o\000n\000\040\000e\000t\000\040\000c\000h\000o\000i\000x\000\040\000d\000'\000a\000r\000c\000h\000i\000t\000e\000c\000t\000u\000r\000e}{part.3}% 53
\BOOKMARK [1][-]{section.12.1}{\376\377\000O\000A\000u\000t\000h\0002\000\040\000:\000\040\000r\000e\000f\000r\000e\000s\000h\000\040\000s\000i\000l\000e\000n\000c\000i\000e\000u\000x\000\040\000e\000t\000\040\000f\000i\000l\000e\000\040\000d\000'\000a\000t\000t\000e\000n\000t\000e}{chapter.12}% 54
\BOOKMARK [1][-]{section.12.2}{\376\377\000I\000n\000c\000i\000d\000e\000n\000t\000s\000\040\000r\000e\000n\000c\000o\000n\000t\000r\000\351\000s\000\040\000e\000n\000\040\000p\000r\000o\000d\000u\000c\000t\000i\000o\000n}{chapter.12}% 55
\BOOKMARK [2][-]{subsection.12.2.1}{\376\377\000\311\000c\000a\000r\000t\000\040\000d\000e\000\040\000c\000e\000n\000t\000i\000m\000e\000\040\000s\000u\000r\000\040\000l\000a\000\040\000t\000a\000x\000e\000\040\000I\000Z\000\040\000\050\000t\000a\000x\000e\000\040\000C\000h\000i\000r\000a\000c\000\051}{section.12.2}% 56
\BOOKMARK [2][-]{subsection.12.2.2}{\376\377\000H\000o\000r\000a\000i\000r\000e\000s\000\040\000A\000e\000g\000e\000a\000n\000\040\000/\000\040\000T\000u\000r\000k\000i\000s\000h\000\040\000d\000\351\000c\000a\000l\000\351\000s\000\040\000d\000e\000\040\000d\000e\000u\000x\000\040\000h\000e\000u\000r\000e\000s}{section.12.2}% 57
\BOOKMARK [2][-]{subsection.12.2.3}{\376\377\000D\000e\000a\000d\000l\000o\000c\000k\000\040\000I\000n\000n\000o\000D\000B\000\040\000s\000o\000u\000s\000\040\000S\000e\000q\000u\000e\000l\000i\000z\000e}{section.12.2}% 58
\BOOKMARK [0][-]{chapter.13}{\376\377\000T\000r\000a\000v\000a\000i\000l\000\040\000e\000n\000\040\000\351\000q\000u\000i\000p\000e\000\040\000e\000t\000\040\000r\000e\000s\000p\000o\000n\000s\000a\000b\000i\000l\000i\000t\000\351\000s\000\040\000e\000n\000\040\000p\000r\000o\000d\000u\000c\000t\000i\000o\000n}{part.3}% 59
\BOOKMARK [1][-]{section.13.1}{\376\377\000O\000r\000g\000a\000n\000i\000s\000a\000t\000i\000o\000n\000\040\000d\000u\000\040\000d\000\351\000v\000e\000l\000o\000p\000p\000e\000m\000e\000n\000t}{chapter.13}% 60
\BOOKMARK [1][-]{section.13.2}{\376\377\000C\000o\000l\000l\000a\000b\000o\000r\000a\000t\000i\000o\000n\000\040\000P\000a\000r\000i\000s\000\040\000/\000\040\000T\000u\000n\000i\000s\000i\000e}{chapter.13}% 61
\BOOKMARK [1][-]{section.13.3}{\376\377\000E\000s\000t\000i\000m\000a\000t\000i\000o\000n\000s}{chapter.13}% 62
\BOOKMARK [1][-]{section.13.4}{\376\377\000I\000n\000c\000i\000d\000e\000n\000t\000s\000\040\000c\000\364\000t\000\351\000\040\000a\000g\000e\000n\000c\000e\000s}{chapter.13}% 63
\BOOKMARK [0][-]{chapter.14}{\376\377\000C\000o\000n\000c\000l\000u\000s\000i\000o\000n}{part.3}% 64
\BOOKMARK [1][-]{section.14.1}{\376\377\000B\000i\000l\000a\000n}{chapter.14}% 65
\BOOKMARK [1][-]{section.14.2}{\376\377\000R\000N\000C\000P\000\040\0003\0006\0001\0003\0007}{chapter.14}% 66
\BOOKMARK [1][-]{section.14.3}{\376\377\000P\000e\000r\000s\000p\000e\000c\000t\000i\000v\000e\000s}{chapter.14}% 67
\BOOKMARK [0][-]{chapter*.7}{\376\377\000T\000a\000b\000l\000e\000\040\000d\000e\000s\000\040\000s\000i\000g\000l\000e\000s\000\040\000e\000t\000\040\000a\000b\000r\000\351\000v\000i\000a\000t\000i\000o\000n\000s}{part.3}% 68
\BOOKMARK [0][-]{chapter*.8}{\376\377\000G\000l\000o\000s\000s\000a\000i\000r\000e}{part.3}% 69
\BOOKMARK [0][-]{chapter*.9}{\376\377\000B\000i\000b\000l\000i\000o\000g\000r\000a\000p\000h\000i\000e}{part.3}% 70
