This is pdfTeX, Version 3.141592653-2.6-1.40.27 (TeX Live 2025/nixos.org) (preloaded format=pdflatex 1980.1.1)  2 SEP 2026 22:36
entering extended mode
 restricted \write18 enabled.
 %&-line parsing enabled.
**main.tex
(./main.tex
LaTeX2e <2025-11-01>
L3 programming layer <2026-01-19>

(/nix/store/3b1j5jipjpakdak6par146z865lwq8rp-texlive-2025-r78234-final-env-texm
fdist/tex/latex/base/report.cls
Document Class: report 2025/01/22 v1.4n Standard LaTeX document class

(/nix/store/3b1j5jipjpakdak6par146z865lwq8rp-texlive-2025-r78234-final-env-texm
fdist/tex/latex/base/size11.clo
File: size11.clo 2025/01/22 v1.4n Standard LaTeX file (size option)
)
\c@part=\count275
\c@chapter=\count276
\c@section=\count277
\c@subsection=\count278
\c@subsubsection=\count279
\c@paragraph=\count280
\c@subparagraph=\count281
\c@figure=\count282
\c@table=\count283
\abovecaptionskip=\skip49
\belowcaptionskip=\skip50
\bibindent=\dimen148
) (./preamble.tex
(/nix/store/3b1j5jipjpakdak6par146z865lwq8rp-texlive-2025-r78234-final-env-texm
fdist/tex/latex/base/inputenc.sty
Package: inputenc 2024/02/08 v1.3d Input encoding file
\inpenc@prehook=\toks17
\inpenc@posthook=\toks18
)
(/nix/store/3b1j5jipjpakdak6par146z865lwq8rp-texlive-2025-r78234-final-env-texm
fdist/tex/latex/base/fontenc.sty
Package: fontenc 2025/07/18 v2.1d Standard LaTeX package
)
(/nix/store/3b1j5jipjpakdak6par146z865lwq8rp-texlive-2025-r78234-final-env-texm
fdist/tex/generic/babel/babel.sty
Package: babel 2026/02/14 v26.3 The multilingual framework for LuaLaTeX, pdfLaT
eX and XeLaTeX
\babel@savecnt=\count284
LaTeX Encoding Info:    Redeclaring text command \ij (encoding OT1) on input li
ne 2078.
LaTeX Encoding Info:    Redeclaring text command \IJ (encoding OT1) on input li
ne 2080.
LaTeX Encoding Info:    Redeclaring text command \ij (encoding T1) on input lin
e 2082.
LaTeX Encoding Info:    Redeclaring text command \IJ (encoding T1) on input lin
e 2083.
LaTeX Encoding Info:    Ignoring declaration for text command \ij (encoding ?) 
on input line 2084.
LaTeX Encoding Info:    Ignoring declaration for text command \IJ (encoding ?) 
on input line 2086.
LaTeX Encoding Info:    Ignoring declaration for text command \SS (encoding ?) 
on input line 2111.
\U@D=\dimen149
\l@unhyphenated=\language90

(/nix/store/3b1j5jipjpakdak6par146z865lwq8rp-texlive-2025-r78234-final-env-texm
fdist/tex/generic/babel/txtbabel.def)
\bbl@readstream=\read2
\bbl@dirlevel=\count285

(/nix/store/3b1j5jipjpakdak6par146z865lwq8rp-texlive-2025-r78234-final-env-texm
fdist/tex/generic/babel/locale/fr/babel-french.tex)
(/nix/store/3b1j5jipjpakdak6par146z865lwq8rp-texlive-2025-r78234-final-env-texm
fdist/tex/generic/babel/locale/en/babel-english.tex)
Package babel Info: Importing font and identification data for french
(babel)             from babel-fr.ini. Reported on input line 4330.

(/nix/store/3b1j5jipjpakdak6par146z865lwq8rp-texlive-2025-r78234-final-env-texm
fdist/tex/generic/babel-french/french.ldf
Language: french 2025-08-15 v4.0e French support from the babel system

(/nix/store/3b1j5jipjpakdak6par146z865lwq8rp-texlive-2025-r78234-final-env-texm
fdist/tex/generic/babel-french/french3.ldf
Language: french 2025-08-15 v3.7e French support from the babel system
\FB@stdchar=\count286
Package babel Info: Making : an active character on input line 273.
Package babel Info: Making ; an active character on input line 274.
Package babel Info: Making ! an active character on input line 275.
Package babel Info: Making ? an active character on input line 276.
\FBguill@level=\count287
\FBold@everypar=\toks19
\FB@Mht=\dimen150
\mc@charclass=\count288
\mc@charfam=\count289
\mc@charslot=\count290
\std@mcc=\count291
\dec@mcc=\count292
\FB@pardim=\dimen151
\listindentFB=\dimen152
\descindentFB=\dimen153
\labelindentFB=\dimen154
\labelwidthFB=\dimen155
\leftmarginFB=\dimen156
\parindentFFN=\dimen157
\FBfnindent=\dimen158
))
Package babel Info: Importing font and identification data for english
(babel)             from babel-en.ini. Reported on input line 4330.

(/nix/store/3b1j5jipjpakdak6par146z865lwq8rp-texlive-2025-r78234-final-env-texm
fdist/tex/generic/babel-english/english.ldf
Language: english 2017/06/06 v3.3r English support from the babel system
Package babel Info: Hyphen rules for 'canadian' set to \l@english
(babel)             (\language0). Reported on input line 102.
Package babel Info: Hyphen rules for 'australian' set to \l@ukenglish
(babel)             (\language22). Reported on input line 105.
Package babel Info: Hyphen rules for 'newzealand' set to \l@ukenglish
(babel)             (\language22). Reported on input line 108.
))
(/nix/store/3b1j5jipjpakdak6par146z865lwq8rp-texlive-2025-r78234-final-env-texm
fdist/tex/latex/carlisle/scalefnt.sty)
(/nix/store/3b1j5jipjpakdak6par146z865lwq8rp-texlive-2025-r78234-final-env-texm
fdist/tex/latex/lm/lmodern.sty
Package: lmodern 2015/05/01 v1.6.1 Latin Modern Fonts
LaTeX Font Info:    Overwriting symbol font `operators' in version `normal'
(Font)                  OT1/cmr/m/n --> OT1/lmr/m/n on input line 22.
LaTeX Font Info:    Overwriting symbol font `letters' in version `normal'
(Font)                  OML/cmm/m/it --> OML/lmm/m/it on input line 23.
LaTeX Font Info:    Overwriting symbol font `symbols' in version `normal'
(Font)                  OMS/cmsy/m/n --> OMS/lmsy/m/n on input line 24.
LaTeX Font Info:    Overwriting symbol font `largesymbols' in version `normal'
(Font)                  OMX/cmex/m/n --> OMX/lmex/m/n on input line 25.
LaTeX Font Info:    Overwriting symbol font `operators' in version `bold'
(Font)                  OT1/cmr/bx/n --> OT1/lmr/bx/n on input line 26.
LaTeX Font Info:    Overwriting symbol font `letters' in version `bold'
(Font)                  OML/cmm/b/it --> OML/lmm/b/it on input line 27.
LaTeX Font Info:    Overwriting symbol font `symbols' in version `bold'
(Font)                  OMS/cmsy/b/n --> OMS/lmsy/b/n on input line 28.
LaTeX Font Info:    Overwriting symbol font `largesymbols' in version `bold'
(Font)                  OMX/cmex/m/n --> OMX/lmex/m/n on input line 29.
LaTeX Font Info:    Overwriting math alphabet `\mathbf' in version `normal'
(Font)                  OT1/cmr/bx/n --> OT1/lmr/bx/n on input line 31.
LaTeX Font Info:    Overwriting math alphabet `\mathsf' in version `normal'
(Font)                  OT1/cmss/m/n --> OT1/lmss/m/n on input line 32.
LaTeX Font Info:    Overwriting math alphabet `\mathit' in version `normal'
(Font)                  OT1/cmr/m/it --> OT1/lmr/m/it on input line 33.
LaTeX Font Info:    Overwriting math alphabet `\mathtt' in version `normal'
(Font)                  OT1/cmtt/m/n --> OT1/lmtt/m/n on input line 34.
LaTeX Font Info:    Overwriting math alphabet `\mathbf' in version `bold'
(Font)                  OT1/cmr/bx/n --> OT1/lmr/bx/n on input line 35.
LaTeX Font Info:    Overwriting math alphabet `\mathsf' in version `bold'
(Font)                  OT1/cmss/bx/n --> OT1/lmss/bx/n on input line 36.
LaTeX Font Info:    Overwriting math alphabet `\mathit' in version `bold'
(Font)                  OT1/cmr/bx/it --> OT1/lmr/bx/it on input line 37.
LaTeX Font Info:    Overwriting math alphabet `\mathtt' in version `bold'
(Font)                  OT1/cmtt/m/n --> OT1/lmtt/m/n on input line 38.
)
(/nix/store/3b1j5jipjpakdak6par146z865lwq8rp-texlive-2025-r78234-final-env-texm
fdist/tex/latex/microtype/microtype.sty
Package: microtype 2026/03/01 v3.2d Micro-typographical refinements (RS)

(/nix/store/3b1j5jipjpakdak6par146z865lwq8rp-texlive-2025-r78234-final-env-texm
fdist/tex/latex/graphics/keyval.sty
Package: keyval 2022/05/29 v1.15 key=value parser (DPC)
\KV@toks@=\toks20
)
(/nix/store/3b1j5jipjpakdak6par146z865lwq8rp-texlive-2025-r78234-final-env-texm
fdist/tex/latex/etoolbox/etoolbox.sty
Package: etoolbox 2025/10/02 v2.5m e-TeX tools for LaTeX (JAW)
\etb@tempcnta=\count293
)
\MT@toks=\toks21
\MT@tempbox=\box53
\MT@count=\count294
LaTeX Info: Redefining \noprotrusionifhmode on input line 1084.
LaTeX Info: Redefining \leftprotrusion on input line 1085.
\MT@prot@toks=\toks22
LaTeX Info: Redefining \rightprotrusion on input line 1104.
LaTeX Info: Redefining \textls on input line 1449.
\MT@outer@kern=\dimen159
LaTeX Info: Redefining \microtypecontext on input line 2053.
LaTeX Info: Redefining \textmicrotypecontext on input line 2070.
\MT@listname@count=\count295

(/nix/store/3b1j5jipjpakdak6par146z865lwq8rp-texlive-2025-r78234-final-env-texm
fdist/tex/latex/microtype/microtype-pdftex.def
File: microtype-pdftex.def 2026/03/01 v3.2d Definitions specific to pdftex (RS)

LaTeX Info: Redefining \lsstyle on input line 944.
LaTeX Info: Redefining \lslig on input line 944.
\MT@outer@space=\skip51
)
Package microtype Info: Loading configuration file microtype.cfg.

(/nix/store/3b1j5jipjpakdak6par146z865lwq8rp-texlive-2025-r78234-final-env-texm
fdist/tex/latex/microtype/microtype.cfg
File: microtype.cfg 2026/03/01 v3.2d microtype main configuration file (RS)
)
LaTeX Info: Redefining \microtypesetup on input line 3065.
)
(/nix/store/3b1j5jipjpakdak6par146z865lwq8rp-texlive-2025-r78234-final-env-texm
fdist/tex/latex/geometry/geometry.sty
Package: geometry 2020/01/02 v5.9 Page Geometry

(/nix/store/3b1j5jipjpakdak6par146z865lwq8rp-texlive-2025-r78234-final-env-texm
fdist/tex/generic/iftex/ifvtex.sty
Package: ifvtex 2019/10/25 v1.7 ifvtex legacy package. Use iftex instead.

(/nix/store/3b1j5jipjpakdak6par146z865lwq8rp-texlive-2025-r78234-final-env-texm
fdist/tex/generic/iftex/iftex.sty
Package: iftex 2024/12/12 v1.0g TeX engine tests
))
\Gm@cnth=\count296
\Gm@cntv=\count297
\c@Gm@tempcnt=\count298
\Gm@bindingoffset=\dimen160
\Gm@wd@mp=\dimen161
\Gm@odd@mp=\dimen162
\Gm@even@mp=\dimen163
\Gm@layoutwidth=\dimen164
\Gm@layoutheight=\dimen165
\Gm@layouthoffset=\dimen166
\Gm@layoutvoffset=\dimen167
\Gm@dimlist=\toks23
)
(/nix/store/3b1j5jipjpakdak6par146z865lwq8rp-texlive-2025-r78234-final-env-texm
fdist/tex/latex/xcolor/xcolor.sty
Package: xcolor 2024/09/29 v3.02 LaTeX color extensions (UK)

(/nix/store/3b1j5jipjpakdak6par146z865lwq8rp-texlive-2025-r78234-final-env-texm
fdist/tex/latex/graphics-cfg/color.cfg
File: color.cfg 2016/01/02 v1.6 sample color configuration
)
Package xcolor Info: Driver file: pdftex.def on input line 274.

(/nix/store/3b1j5jipjpakdak6par146z865lwq8rp-texlive-2025-r78234-final-env-texm
fdist/tex/latex/graphics-def/pdftex.def
File: pdftex.def 2025/09/29 v1.2d Graphics/color driver for pdftex
)
(/nix/store/3b1j5jipjpakdak6par146z865lwq8rp-texlive-2025-r78234-final-env-texm
fdist/tex/latex/graphics/mathcolor.ltx)
Package xcolor Info: Model `cmy' substituted by `cmy0' on input line 1349.
Package xcolor Info: Model `hsb' substituted by `rgb' on input line 1353.
Package xcolor Info: Model `RGB' extended on input line 1365.
Package xcolor Info: Model `HTML' substituted by `rgb' on input line 1367.
Package xcolor Info: Model `Hsb' substituted by `hsb' on input line 1368.
Package xcolor Info: Model `tHsb' substituted by `hsb' on input line 1369.
Package xcolor Info: Model `HSB' substituted by `hsb' on input line 1370.
Package xcolor Info: Model `Gray' substituted by `gray' on input line 1371.
Package xcolor Info: Model `wave' substituted by `hsb' on input line 1372.
)
(/nix/store/3b1j5jipjpakdak6par146z865lwq8rp-texlive-2025-r78234-final-env-texm
fdist/tex/latex/graphics/graphicx.sty
Package: graphicx 2024/12/31 v1.2e Enhanced LaTeX Graphics (DPC,SPQR)

(/nix/store/3b1j5jipjpakdak6par146z865lwq8rp-texlive-2025-r78234-final-env-texm
fdist/tex/latex/graphics/graphics.sty
Package: graphics 2024/08/06 v1.4g Standard LaTeX Graphics (DPC,SPQR)

(/nix/store/3b1j5jipjpakdak6par146z865lwq8rp-texlive-2025-r78234-final-env-texm
fdist/tex/latex/graphics/trig.sty
Package: trig 2023/12/02 v1.11 sin cos tan (DPC)
)
(/nix/store/3b1j5jipjpakdak6par146z865lwq8rp-texlive-2025-r78234-final-env-texm
fdist/tex/latex/graphics-cfg/graphics.cfg
File: graphics.cfg 2016/06/04 v1.11 sample graphics configuration
)
Package graphics Info: Driver file: pdftex.def on input line 106.
)
\Gin@req@height=\dimen168
\Gin@req@width=\dimen169
)
(/nix/store/3b1j5jipjpakdak6par146z865lwq8rp-texlive-2025-r78234-final-env-texm
fdist/tex/latex/amsmath/amsmath.sty
Package: amsmath 2025/07/09 v2.17z AMS math features
\@mathmargin=\skip52

For additional information on amsmath, use the `?' option.

(/nix/store/3b1j5jipjpakdak6par146z865lwq8rp-texlive-2025-r78234-final-env-texm
fdist/tex/latex/amsmath/amstext.sty
Package: amstext 2024/11/17 v2.01 AMS text

(/nix/store/3b1j5jipjpakdak6par146z865lwq8rp-texlive-2025-r78234-final-env-texm
fdist/tex/latex/amsmath/amsgen.sty
File: amsgen.sty 1999/11/30 v2.0 generic functions
\@emptytoks=\toks24
\ex@=\dimen170
))
(/nix/store/3b1j5jipjpakdak6par146z865lwq8rp-texlive-2025-r78234-final-env-texm
fdist/tex/latex/amsmath/amsbsy.sty
Package: amsbsy 1999/11/29 v1.2d Bold Symbols
\pmbraise@=\dimen171
)
(/nix/store/3b1j5jipjpakdak6par146z865lwq8rp-texlive-2025-r78234-final-env-texm
fdist/tex/latex/amsmath/amsopn.sty
Package: amsopn 2022/04/08 v2.04 operator names
)
\inf@bad=\count299
LaTeX Info: Redefining \frac on input line 233.
\uproot@=\count300
\leftroot@=\count301
LaTeX Info: Redefining \overline on input line 398.
LaTeX Info: Redefining \colon on input line 409.
\classnum@=\count302
\DOTSCASE@=\count303
LaTeX Info: Redefining \ldots on input line 495.
LaTeX Info: Redefining \dots on input line 498.
LaTeX Info: Redefining \cdots on input line 619.
\Mathstrutbox@=\box54
\strutbox@=\box55
LaTeX Info: Redefining \big on input line 721.
LaTeX Info: Redefining \Big on input line 722.
LaTeX Info: Redefining \bigg on input line 723.
LaTeX Info: Redefining \Bigg on input line 724.
\big@size=\dimen172
LaTeX Font Info:    Redeclaring font encoding OML on input line 742.
LaTeX Font Info:    Redeclaring font encoding OMS on input line 743.
\macc@depth=\count304
LaTeX Info: Redefining \bmod on input line 904.
LaTeX Info: Redefining \pmod on input line 909.
LaTeX Info: Redefining \smash on input line 939.
LaTeX Info: Redefining \relbar on input line 969.
LaTeX Info: Redefining \Relbar on input line 970.
\c@MaxMatrixCols=\count305
\dotsspace@=\muskip17
\c@parentequation=\count306
\dspbrk@lvl=\count307
\tag@help=\toks25
\row@=\count308
\column@=\count309
\maxfields@=\count310
\andhelp@=\toks26
\eqnshift@=\dimen173
\alignsep@=\dimen174
\tagshift@=\dimen175
\tagwidth@=\dimen176
\totwidth@=\dimen177
\lineht@=\dimen178
\@envbody=\toks27
\multlinegap=\skip53
\multlinetaggap=\skip54
\mathdisplay@stack=\toks28
LaTeX Info: Redefining \[ on input line 2950.
LaTeX Info: Redefining \] on input line 2951.
)
(/nix/store/3b1j5jipjpakdak6par146z865lwq8rp-texlive-2025-r78234-final-env-texm
fdist/tex/latex/amsfonts/amssymb.sty
Package: amssymb 2013/01/14 v3.01 AMS font symbols

(/nix/store/3b1j5jipjpakdak6par146z865lwq8rp-texlive-2025-r78234-final-env-texm
fdist/tex/latex/amsfonts/amsfonts.sty
Package: amsfonts 2013/01/14 v3.01 Basic AMSFonts support
\symAMSa=\mathgroup4
\symAMSb=\mathgroup5
LaTeX Font Info:    Redeclaring math symbol \hbar on input line 98.
LaTeX Font Info:    Overwriting math alphabet `\mathfrak' in version `bold'
(Font)                  U/euf/m/n --> U/euf/b/n on input line 106.
))
(/nix/store/3b1j5jipjpakdak6par146z865lwq8rp-texlive-2025-r78234-final-env-texm
fdist/tex/latex/booktabs/booktabs.sty
Package: booktabs 2020/01/12 v1.61803398 Publication quality tables
\heavyrulewidth=\dimen179
\lightrulewidth=\dimen180
\cmidrulewidth=\dimen181
\belowrulesep=\dimen182
\belowbottomsep=\dimen183
\aboverulesep=\dimen184
\abovetopsep=\dimen185
\cmidrulesep=\dimen186
\cmidrulekern=\dimen187
\defaultaddspace=\dimen188
\@cmidla=\count311
\@cmidlb=\count312
\@aboverulesep=\dimen189
\@belowrulesep=\dimen190
\@thisruleclass=\count313
\@lastruleclass=\count314
\@thisrulewidth=\dimen191
)
(/nix/store/3b1j5jipjpakdak6par146z865lwq8rp-texlive-2025-r78234-final-env-texm
fdist/tex/latex/tools/tabularx.sty
Package: tabularx 2023/12/11 v2.12a `tabularx' package (DPC)

(/nix/store/3b1j5jipjpakdak6par146z865lwq8rp-texlive-2025-r78234-final-env-texm
fdist/tex/latex/tools/array.sty
Package: array 2025/09/25 v2.6n Tabular extension package (FMi)
\col@sep=\dimen192
\ar@mcellbox=\box56
\extrarowheight=\dimen193
\NC@list=\toks29
\extratabsurround=\skip55
\backup@length=\skip56
\ar@cellbox=\box57
)
\TX@col@width=\dimen194
\TX@old@table=\dimen195
\TX@old@col=\dimen196
\TX@target=\dimen197
\TX@delta=\dimen198
\TX@cols=\count315
\TX@ftn=\toks30
)
(/nix/store/3b1j5jipjpakdak6par146z865lwq8rp-texlive-2025-r78234-final-env-texm
fdist/tex/latex/colortbl/colortbl.sty
Package: colortbl 2024/10/29 v1.0k Color table columns (DPC)
\everycr=\toks31
\minrowclearance=\skip57
\rownum=\count316
)
(/nix/store/3b1j5jipjpakdak6par146z865lwq8rp-texlive-2025-r78234-final-env-texm
fdist/tex/latex/tools/longtable.sty
Package: longtable 2025-10-13 v4.24 Multi-page Table package (DPC)
\LTleft=\skip58
\LTright=\skip59
\LTpre=\skip60
\LTpost=\skip61
\LTchunksize=\count317
\LTcapwidth=\dimen199
\LT@head=\box58
\LT@firsthead=\box59
\LT@foot=\box60
\LT@lastfoot=\box61
\LT@gbox=\box62
\LT@cols=\count318
\LT@rows=\count319
\c@LT@tables=\count320
\c@LT@chunks=\count321
\LT@p@ftn=\toks32
)
(/nix/store/3b1j5jipjpakdak6par146z865lwq8rp-texlive-2025-r78234-final-env-texm
fdist/tex/latex/float/float.sty
Package: float 2001/11/08 v1.3d Float enhancements (AL)
\c@float@type=\count322
\float@exts=\toks33
\float@box=\box63
\@float@everytoks=\toks34
\@floatcapt=\box64
)
(/nix/store/3b1j5jipjpakdak6par146z865lwq8rp-texlive-2025-r78234-final-env-texm
fdist/tex/latex/pgf/frontendlayer/tikz.sty
(/nix/store/3b1j5jipjpakdak6par146z865lwq8rp-texlive-2025-r78234-final-env-texm
fdist/tex/latex/pgf/basiclayer/pgf.sty
(/nix/store/3b1j5jipjpakdak6par146z865lwq8rp-texlive-2025-r78234-final-env-texm
fdist/tex/latex/pgf/utilities/pgfrcs.sty
(/nix/store/3b1j5jipjpakdak6par146z865lwq8rp-texlive-2025-r78234-final-env-texm
fdist/tex/generic/pgf/utilities/pgfutil-common.tex
\pgfutil@everybye=\toks35
\pgfutil@tempdima=\dimen256
\pgfutil@tempdimb=\dimen257
)
(/nix/store/3b1j5jipjpakdak6par146z865lwq8rp-texlive-2025-r78234-final-env-texm
fdist/tex/generic/pgf/utilities/pgfutil-latex.def
\pgfutil@abb=\box65
)
(/nix/store/3b1j5jipjpakdak6par146z865lwq8rp-texlive-2025-r78234-final-env-texm
fdist/tex/generic/pgf/utilities/pgfrcs.code.tex
(/nix/store/3b1j5jipjpakdak6par146z865lwq8rp-texlive-2025-r78234-final-env-texm
fdist/tex/generic/pgf/pgf.revision.tex)
Package: pgfrcs 2025-08-29 v3.1.11a (3.1.11a)
))
Package: pgf 2025-08-29 v3.1.11a (3.1.11a)

(/nix/store/3b1j5jipjpakdak6par146z865lwq8rp-texlive-2025-r78234-final-env-texm
fdist/tex/latex/pgf/basiclayer/pgfcore.sty
(/nix/store/3b1j5jipjpakdak6par146z865lwq8rp-texlive-2025-r78234-final-env-texm
fdist/tex/latex/pgf/systemlayer/pgfsys.sty
(/nix/store/3b1j5jipjpakdak6par146z865lwq8rp-texlive-2025-r78234-final-env-texm
fdist/tex/generic/pgf/systemlayer/pgfsys.code.tex
Package: pgfsys 2025-08-29 v3.1.11a (3.1.11a)

(/nix/store/3b1j5jipjpakdak6par146z865lwq8rp-texlive-2025-r78234-final-env-texm
fdist/tex/generic/pgf/utilities/pgfkeys.code.tex
\pgfkeys@pathtoks=\toks36
\pgfkeys@temptoks=\toks37

(/nix/store/3b1j5jipjpakdak6par146z865lwq8rp-texlive-2025-r78234-final-env-texm
fdist/tex/generic/pgf/utilities/pgfkeyslibraryfiltered.code.tex
\pgfkeys@tmptoks=\toks38
))
\pgf@x=\dimen258
\pgf@y=\dimen259
\pgf@xa=\dimen260
\pgf@ya=\dimen261
\pgf@xb=\dimen262
\pgf@yb=\dimen263
\pgf@xc=\dimen264
\pgf@yc=\dimen265
\pgf@xd=\dimen266
\pgf@yd=\dimen267
\w@pgf@writea=\write3
\r@pgf@reada=\read3
\c@pgf@counta=\count323
\c@pgf@countb=\count324
\c@pgf@countc=\count325
\c@pgf@countd=\count326
\t@pgf@toka=\toks39
\t@pgf@tokb=\toks40
\t@pgf@tokc=\toks41
\pgf@sys@id@count=\count327

(/nix/store/3b1j5jipjpakdak6par146z865lwq8rp-texlive-2025-r78234-final-env-texm
fdist/tex/generic/pgf/systemlayer/pgf.cfg
File: pgf.cfg 2025-08-29 v3.1.11a (3.1.11a)
)
Driver file for pgf: pgfsys-pdftex.def

(/nix/store/3b1j5jipjpakdak6par146z865lwq8rp-texlive-2025-r78234-final-env-texm
fdist/tex/generic/pgf/systemlayer/pgfsys-pdftex.def
File: pgfsys-pdftex.def 2025-08-29 v3.1.11a (3.1.11a)

(/nix/store/3b1j5jipjpakdak6par146z865lwq8rp-texlive-2025-r78234-final-env-texm
fdist/tex/generic/pgf/systemlayer/pgfsys-common-pdf.def
File: pgfsys-common-pdf.def 2025-08-29 v3.1.11a (3.1.11a)
)))
(/nix/store/3b1j5jipjpakdak6par146z865lwq8rp-texlive-2025-r78234-final-env-texm
fdist/tex/generic/pgf/systemlayer/pgfsyssoftpath.code.tex
File: pgfsyssoftpath.code.tex 2025-08-29 v3.1.11a (3.1.11a)
\pgfsyssoftpath@smallbuffer@items=\count328
\pgfsyssoftpath@bigbuffer@items=\count329
)
(/nix/store/3b1j5jipjpakdak6par146z865lwq8rp-texlive-2025-r78234-final-env-texm
fdist/tex/generic/pgf/systemlayer/pgfsysprotocol.code.tex
File: pgfsysprotocol.code.tex 2025-08-29 v3.1.11a (3.1.11a)
))
(/nix/store/3b1j5jipjpakdak6par146z865lwq8rp-texlive-2025-r78234-final-env-texm
fdist/tex/generic/pgf/basiclayer/pgfcore.code.tex
Package: pgfcore 2025-08-29 v3.1.11a (3.1.11a)

(/nix/store/3b1j5jipjpakdak6par146z865lwq8rp-texlive-2025-r78234-final-env-texm
fdist/tex/generic/pgf/math/pgfmath.code.tex
(/nix/store/3b1j5jipjpakdak6par146z865lwq8rp-texlive-2025-r78234-final-env-texm
fdist/tex/generic/pgf/math/pgfmathutil.code.tex)
(/nix/store/3b1j5jipjpakdak6par146z865lwq8rp-texlive-2025-r78234-final-env-texm
fdist/tex/generic/pgf/math/pgfmathparser.code.tex
\pgfmath@dimen=\dimen268
\pgfmath@count=\count330
\pgfmath@box=\box66
\pgfmath@toks=\toks42
\pgfmath@stack@operand=\toks43
\pgfmath@stack@operation=\toks44
)
(/nix/store/3b1j5jipjpakdak6par146z865lwq8rp-texlive-2025-r78234-final-env-texm
fdist/tex/generic/pgf/math/pgfmathfunctions.code.tex)
(/nix/store/3b1j5jipjpakdak6par146z865lwq8rp-texlive-2025-r78234-final-env-texm
fdist/tex/generic/pgf/math/pgfmathfunctions.basic.code.tex)
(/nix/store/3b1j5jipjpakdak6par146z865lwq8rp-texlive-2025-r78234-final-env-texm
fdist/tex/generic/pgf/math/pgfmathfunctions.trigonometric.code.tex)
(/nix/store/3b1j5jipjpakdak6par146z865lwq8rp-texlive-2025-r78234-final-env-texm
fdist/tex/generic/pgf/math/pgfmathfunctions.random.code.tex)
(/nix/store/3b1j5jipjpakdak6par146z865lwq8rp-texlive-2025-r78234-final-env-texm
fdist/tex/generic/pgf/math/pgfmathfunctions.comparison.code.tex)
(/nix/store/3b1j5jipjpakdak6par146z865lwq8rp-texlive-2025-r78234-final-env-texm
fdist/tex/generic/pgf/math/pgfmathfunctions.base.code.tex)
(/nix/store/3b1j5jipjpakdak6par146z865lwq8rp-texlive-2025-r78234-final-env-texm
fdist/tex/generic/pgf/math/pgfmathfunctions.round.code.tex)
(/nix/store/3b1j5jipjpakdak6par146z865lwq8rp-texlive-2025-r78234-final-env-texm
fdist/tex/generic/pgf/math/pgfmathfunctions.misc.code.tex)
(/nix/store/3b1j5jipjpakdak6par146z865lwq8rp-texlive-2025-r78234-final-env-texm
fdist/tex/generic/pgf/math/pgfmathfunctions.integerarithmetics.code.tex)
(/nix/store/3b1j5jipjpakdak6par146z865lwq8rp-texlive-2025-r78234-final-env-texm
fdist/tex/generic/pgf/math/pgfmathcalc.code.tex)
(/nix/store/3b1j5jipjpakdak6par146z865lwq8rp-texlive-2025-r78234-final-env-texm
fdist/tex/generic/pgf/math/pgfmathfloat.code.tex
\c@pgfmathroundto@lastzeros=\count331
))
(/nix/store/3b1j5jipjpakdak6par146z865lwq8rp-texlive-2025-r78234-final-env-texm
fdist/tex/generic/pgf/math/pgfint.code.tex)
(/nix/store/3b1j5jipjpakdak6par146z865lwq8rp-texlive-2025-r78234-final-env-texm
fdist/tex/generic/pgf/basiclayer/pgfcorepoints.code.tex
File: pgfcorepoints.code.tex 2025-08-29 v3.1.11a (3.1.11a)
\pgf@picminx=\dimen269
\pgf@picmaxx=\dimen270
\pgf@picminy=\dimen271
\pgf@picmaxy=\dimen272
\pgf@pathminx=\dimen273
\pgf@pathmaxx=\dimen274
\pgf@pathminy=\dimen275
\pgf@pathmaxy=\dimen276
\pgf@xx=\dimen277
\pgf@xy=\dimen278
\pgf@yx=\dimen279
\pgf@yy=\dimen280
\pgf@zx=\dimen281
\pgf@zy=\dimen282
)
(/nix/store/3b1j5jipjpakdak6par146z865lwq8rp-texlive-2025-r78234-final-env-texm
fdist/tex/generic/pgf/basiclayer/pgfcorepathconstruct.code.tex
File: pgfcorepathconstruct.code.tex 2025-08-29 v3.1.11a (3.1.11a)
\pgf@path@lastx=\dimen283
\pgf@path@lasty=\dimen284
)
(/nix/store/3b1j5jipjpakdak6par146z865lwq8rp-texlive-2025-r78234-final-env-texm
fdist/tex/generic/pgf/basiclayer/pgfcorepathusage.code.tex
File: pgfcorepathusage.code.tex 2025-08-29 v3.1.11a (3.1.11a)
\pgf@shorten@end@additional=\dimen285
\pgf@shorten@start@additional=\dimen286
)
(/nix/store/3b1j5jipjpakdak6par146z865lwq8rp-texlive-2025-r78234-final-env-texm
fdist/tex/generic/pgf/basiclayer/pgfcorescopes.code.tex
File: pgfcorescopes.code.tex 2025-08-29 v3.1.11a (3.1.11a)
\pgfpic=\box67
\pgf@hbox=\box68
\pgf@layerbox@main=\box69
\pgf@picture@serial@count=\count332
)
(/nix/store/3b1j5jipjpakdak6par146z865lwq8rp-texlive-2025-r78234-final-env-texm
fdist/tex/generic/pgf/basiclayer/pgfcoregraphicstate.code.tex
File: pgfcoregraphicstate.code.tex 2025-08-29 v3.1.11a (3.1.11a)
\pgflinewidth=\dimen287
)
(/nix/store/3b1j5jipjpakdak6par146z865lwq8rp-texlive-2025-r78234-final-env-texm
fdist/tex/generic/pgf/basiclayer/pgfcoretransformations.code.tex
File: pgfcoretransformations.code.tex 2025-08-29 v3.1.11a (3.1.11a)
\pgf@pt@x=\dimen288
\pgf@pt@y=\dimen289
\pgf@pt@temp=\dimen290
)
(/nix/store/3b1j5jipjpakdak6par146z865lwq8rp-texlive-2025-r78234-final-env-texm
fdist/tex/generic/pgf/basiclayer/pgfcorequick.code.tex
File: pgfcorequick.code.tex 2025-08-29 v3.1.11a (3.1.11a)
)
(/nix/store/3b1j5jipjpakdak6par146z865lwq8rp-texlive-2025-r78234-final-env-texm
fdist/tex/generic/pgf/basiclayer/pgfcoreobjects.code.tex
File: pgfcoreobjects.code.tex 2025-08-29 v3.1.11a (3.1.11a)
)
(/nix/store/3b1j5jipjpakdak6par146z865lwq8rp-texlive-2025-r78234-final-env-texm
fdist/tex/generic/pgf/basiclayer/pgfcorepathprocessing.code.tex
File: pgfcorepathprocessing.code.tex 2025-08-29 v3.1.11a (3.1.11a)
)
(/nix/store/3b1j5jipjpakdak6par146z865lwq8rp-texlive-2025-r78234-final-env-texm
fdist/tex/generic/pgf/basiclayer/pgfcorearrows.code.tex
File: pgfcorearrows.code.tex 2025-08-29 v3.1.11a (3.1.11a)
\pgfarrowsep=\dimen291
)
(/nix/store/3b1j5jipjpakdak6par146z865lwq8rp-texlive-2025-r78234-final-env-texm
fdist/tex/generic/pgf/basiclayer/pgfcoreshade.code.tex
File: pgfcoreshade.code.tex 2025-08-29 v3.1.11a (3.1.11a)
\pgf@max=\dimen292
\pgf@sys@shading@range@num=\count333
\pgf@shadingcount=\count334
)
(/nix/store/3b1j5jipjpakdak6par146z865lwq8rp-texlive-2025-r78234-final-env-texm
fdist/tex/generic/pgf/basiclayer/pgfcoreimage.code.tex
File: pgfcoreimage.code.tex 2025-08-29 v3.1.11a (3.1.11a)
)
(/nix/store/3b1j5jipjpakdak6par146z865lwq8rp-texlive-2025-r78234-final-env-texm
fdist/tex/generic/pgf/basiclayer/pgfcoreexternal.code.tex
File: pgfcoreexternal.code.tex 2025-08-29 v3.1.11a (3.1.11a)
\pgfexternal@startupbox=\box70
)
(/nix/store/3b1j5jipjpakdak6par146z865lwq8rp-texlive-2025-r78234-final-env-texm
fdist/tex/generic/pgf/basiclayer/pgfcorelayers.code.tex
File: pgfcorelayers.code.tex 2025-08-29 v3.1.11a (3.1.11a)
)
(/nix/store/3b1j5jipjpakdak6par146z865lwq8rp-texlive-2025-r78234-final-env-texm
fdist/tex/generic/pgf/basiclayer/pgfcoretransparency.code.tex
File: pgfcoretransparency.code.tex 2025-08-29 v3.1.11a (3.1.11a)
)
(/nix/store/3b1j5jipjpakdak6par146z865lwq8rp-texlive-2025-r78234-final-env-texm
fdist/tex/generic/pgf/basiclayer/pgfcorepatterns.code.tex
File: pgfcorepatterns.code.tex 2025-08-29 v3.1.11a (3.1.11a)
)
(/nix/store/3b1j5jipjpakdak6par146z865lwq8rp-texlive-2025-r78234-final-env-texm
fdist/tex/generic/pgf/basiclayer/pgfcorerdf.code.tex
File: pgfcorerdf.code.tex 2025-08-29 v3.1.11a (3.1.11a)
)))
(/nix/store/3b1j5jipjpakdak6par146z865lwq8rp-texlive-2025-r78234-final-env-texm
fdist/tex/generic/pgf/modules/pgfmoduleshapes.code.tex
File: pgfmoduleshapes.code.tex 2025-08-29 v3.1.11a (3.1.11a)
\pgfnodeparttextbox=\box71
)
(/nix/store/3b1j5jipjpakdak6par146z865lwq8rp-texlive-2025-r78234-final-env-texm
fdist/tex/generic/pgf/modules/pgfmoduleplot.code.tex
File: pgfmoduleplot.code.tex 2025-08-29 v3.1.11a (3.1.11a)
)
(/nix/store/3b1j5jipjpakdak6par146z865lwq8rp-texlive-2025-r78234-final-env-texm
fdist/tex/latex/pgf/compatibility/pgfcomp-version-0-65.sty
Package: pgfcomp-version-0-65 2025-08-29 v3.1.11a (3.1.11a)
\pgf@nodesepstart=\dimen293
\pgf@nodesepend=\dimen294
)
(/nix/store/3b1j5jipjpakdak6par146z865lwq8rp-texlive-2025-r78234-final-env-texm
fdist/tex/latex/pgf/compatibility/pgfcomp-version-1-18.sty
Package: pgfcomp-version-1-18 2025-08-29 v3.1.11a (3.1.11a)
))
(/nix/store/3b1j5jipjpakdak6par146z865lwq8rp-texlive-2025-r78234-final-env-texm
fdist/tex/latex/pgf/utilities/pgffor.sty
(/nix/store/3b1j5jipjpakdak6par146z865lwq8rp-texlive-2025-r78234-final-env-texm
fdist/tex/latex/pgf/utilities/pgfkeys.sty
(/nix/store/3b1j5jipjpakdak6par146z865lwq8rp-texlive-2025-r78234-final-env-texm
fdist/tex/generic/pgf/utilities/pgfkeys.code.tex))
(/nix/store/3b1j5jipjpakdak6par146z865lwq8rp-texlive-2025-r78234-final-env-texm
fdist/tex/latex/pgf/math/pgfmath.sty
(/nix/store/3b1j5jipjpakdak6par146z865lwq8rp-texlive-2025-r78234-final-env-texm
fdist/tex/generic/pgf/math/pgfmath.code.tex))
(/nix/store/3b1j5jipjpakdak6par146z865lwq8rp-texlive-2025-r78234-final-env-texm
fdist/tex/generic/pgf/utilities/pgffor.code.tex
Package: pgffor 2025-08-29 v3.1.11a (3.1.11a)
\pgffor@iter=\dimen295
\pgffor@skip=\dimen296
\pgffor@stack=\toks45
\pgffor@toks=\toks46
))
(/nix/store/3b1j5jipjpakdak6par146z865lwq8rp-texlive-2025-r78234-final-env-texm
fdist/tex/generic/pgf/frontendlayer/tikz/tikz.code.tex
Package: tikz 2025-08-29 v3.1.11a (3.1.11a)

(/nix/store/3b1j5jipjpakdak6par146z865lwq8rp-texlive-2025-r78234-final-env-texm
fdist/tex/generic/pgf/libraries/pgflibraryplothandlers.code.tex
File: pgflibraryplothandlers.code.tex 2025-08-29 v3.1.11a (3.1.11a)
\pgf@plot@mark@count=\count335
\pgfplotmarksize=\dimen297
)
\tikz@lastx=\dimen298
\tikz@lasty=\dimen299
\tikz@lastxsaved=\dimen300
\tikz@lastysaved=\dimen301
\tikz@lastmovetox=\dimen302
\tikz@lastmovetoy=\dimen303
\tikzleveldistance=\dimen304
\tikzsiblingdistance=\dimen305
\tikz@figbox=\box72
\tikz@figbox@bg=\box73
\tikz@tempbox=\box74
\tikz@tempbox@bg=\box75
\tikztreelevel=\count336
\tikznumberofchildren=\count337
\tikznumberofcurrentchild=\count338
\tikz@fig@count=\count339

(/nix/store/3b1j5jipjpakdak6par146z865lwq8rp-texlive-2025-r78234-final-env-texm
fdist/tex/generic/pgf/modules/pgfmodulematrix.code.tex
File: pgfmodulematrix.code.tex 2025-08-29 v3.1.11a (3.1.11a)
\pgfmatrixcurrentrow=\count340
\pgfmatrixcurrentcolumn=\count341
\pgf@matrix@numberofcolumns=\count342
)
\tikz@expandcount=\count343

(/nix/store/3b1j5jipjpakdak6par146z865lwq8rp-texlive-2025-r78234-final-env-texm
fdist/tex/generic/pgf/frontendlayer/tikz/libraries/tikzlibrarytopaths.code.tex
File: tikzlibrarytopaths.code.tex 2025-08-29 v3.1.11a (3.1.11a)
)))
(/nix/store/3b1j5jipjpakdak6par146z865lwq8rp-texlive-2025-r78234-final-env-texm
fdist/tex/generic/pgf/libraries/pgflibraryarrows.meta.code.tex
File: pgflibraryarrows.meta.code.tex 2025-08-29 v3.1.11a (3.1.11a)
\pgfarrowinset=\dimen306
\pgfarrowlength=\dimen307
\pgfarrowwidth=\dimen308
\pgfarrowlinewidth=\dimen309
)
(/nix/store/3b1j5jipjpakdak6par146z865lwq8rp-texlive-2025-r78234-final-env-texm
fdist/tex/generic/pgf/frontendlayer/tikz/libraries/tikzlibrarypositioning.code.
tex
File: tikzlibrarypositioning.code.tex 2025-08-29 v3.1.11a (3.1.11a)
)
(/nix/store/3b1j5jipjpakdak6par146z865lwq8rp-texlive-2025-r78234-final-env-texm
fdist/tex/generic/pgf/frontendlayer/tikz/libraries/tikzlibraryshapes.geometric.
code.tex
File: tikzlibraryshapes.geometric.code.tex 2025-08-29 v3.1.11a (3.1.11a)

(/nix/store/3b1j5jipjpakdak6par146z865lwq8rp-texlive-2025-r78234-final-env-texm
fdist/tex/generic/pgf/libraries/shapes/pgflibraryshapes.geometric.code.tex
File: pgflibraryshapes.geometric.code.tex 2025-08-29 v3.1.11a (3.1.11a)
))
(/nix/store/3b1j5jipjpakdak6par146z865lwq8rp-texlive-2025-r78234-final-env-texm
fdist/tex/generic/pgf/frontendlayer/tikz/libraries/tikzlibraryfit.code.tex
File: tikzlibraryfit.code.tex 2025-08-29 v3.1.11a (3.1.11a)
)
(/nix/store/3b1j5jipjpakdak6par146z865lwq8rp-texlive-2025-r78234-final-env-texm
fdist/tex/generic/pgf/frontendlayer/tikz/libraries/tikzlibrarycalc.code.tex
File: tikzlibrarycalc.code.tex 2025-08-29 v3.1.11a (3.1.11a)
)
(/nix/store/3b1j5jipjpakdak6par146z865lwq8rp-texlive-2025-r78234-final-env-texm
fdist/tex/generic/pgf/frontendlayer/tikz/libraries/tikzlibrarybackgrounds.code.
tex
File: tikzlibrarybackgrounds.code.tex 2025-08-29 v3.1.11a (3.1.11a)
\pgf@layerbox@background=\box76
\pgf@layerboxsaved@background=\box77
)
(/nix/store/3b1j5jipjpakdak6par146z865lwq8rp-texlive-2025-r78234-final-env-texm
fdist/tex/generic/pgf/frontendlayer/tikz/libraries/tikzlibraryshadows.code.tex
File: tikzlibraryshadows.code.tex 2025-08-29 v3.1.11a (3.1.11a)

(/nix/store/3b1j5jipjpakdak6par146z865lwq8rp-texlive-2025-r78234-final-env-texm
fdist/tex/generic/pgf/frontendlayer/tikz/libraries/tikzlibraryfadings.code.tex
File: tikzlibraryfadings.code.tex 2025-08-29 v3.1.11a (3.1.11a)

(/nix/store/3b1j5jipjpakdak6par146z865lwq8rp-texlive-2025-r78234-final-env-texm
fdist/tex/generic/pgf/libraries/pgflibraryfadings.code.tex
File: pgflibraryfadings.code.tex 2025-08-29 v3.1.11a (3.1.11a)
)))
(/nix/store/3b1j5jipjpakdak6par146z865lwq8rp-texlive-2025-r78234-final-env-texm
fdist/tex/latex/enumitem/enumitem.sty
Package: enumitem 2025/02/06 v3.11 Customized lists
\labelindent=\skip62
\enit@outerparindent=\dimen310
\enit@toks=\toks47
\enit@inbox=\box78
\enit@count@id=\count344
\enitdp@description=\count345
)
(/nix/store/3b1j5jipjpakdak6par146z865lwq8rp-texlive-2025-r78234-final-env-texm
fdist/tex/latex/csquotes/csquotes.sty
Package: csquotes 2024-04-04 v5.2o context-sensitive quotations (JAW)
\csq@reset=\count346
\csq@gtype=\count347
\csq@glevel=\count348
\csq@qlevel=\count349
\csq@maxlvl=\count350
\csq@tshold=\count351
\csq@ltx@everypar=\toks48

(/nix/store/3b1j5jipjpakdak6par146z865lwq8rp-texlive-2025-r78234-final-env-texm
fdist/tex/latex/csquotes/csquotes.def
File: csquotes.def 2024-04-04 v5.2o csquotes generic definitions (JAW)
)
Package csquotes Info: Trying to load configuration file 'csquotes.cfg'...
Package csquotes Info: ... configuration file loaded successfully.

(/nix/store/3b1j5jipjpakdak6par146z865lwq8rp-texlive-2025-r78234-final-env-texm
fdist/tex/latex/csquotes/csquotes.cfg
File: csquotes.cfg 
))
(/nix/store/3b1j5jipjpakdak6par146z865lwq8rp-texlive-2025-r78234-final-env-texm
fdist/tex/latex/setspace/setspace.sty
Package: setspace 2022/12/04 v6.7b set line spacing
)
(/nix/store/3b1j5jipjpakdak6par146z865lwq8rp-texlive-2025-r78234-final-env-texm
fdist/tex/latex/fancyhdr/fancyhdr.sty
Package: fancyhdr 2025/02/07 v5.2 Extensive control of page headers and footers

\f@nch@headwidth=\skip63
\f@nch@offset@elh=\skip64
\f@nch@offset@erh=\skip65
\f@nch@offset@olh=\skip66
\f@nch@offset@orh=\skip67
\f@nch@offset@elf=\skip68
\f@nch@offset@erf=\skip69
\f@nch@offset@olf=\skip70
\f@nch@offset@orf=\skip71
\f@nch@height=\skip72
\f@nch@footalignment=\skip73
\f@nch@widthL=\skip74
\f@nch@widthC=\skip75
\f@nch@widthR=\skip76
\@temptokenb=\toks49
)
(/nix/store/3b1j5jipjpakdak6par146z865lwq8rp-texlive-2025-r78234-final-env-texm
fdist/tex/latex/titlesec/titlesec.sty
Package: titlesec 2025/01/04 v2.17 Sectioning titles
\ttl@box=\box79
\beforetitleunit=\skip77
\aftertitleunit=\skip78
\ttl@plus=\dimen311
\ttl@minus=\dimen312
\ttl@toksa=\toks50
\titlewidth=\dimen313
\titlewidthlast=\dimen314
\titlewidthfirst=\dimen315
)
(/nix/store/3b1j5jipjpakdak6par146z865lwq8rp-texlive-2025-r78234-final-env-texm
fdist/tex/latex/tcolorbox/tcolorbox.sty
Package: tcolorbox 2025/11/28 version 6.9.0 text color boxes

(/nix/store/3b1j5jipjpakdak6par146z865lwq8rp-texlive-2025-r78234-final-env-texm
fdist/tex/latex/tools/verbatim.sty
Package: verbatim 2024-01-22 v1.5x LaTeX2e package for verbatim enhancements
\every@verbatim=\toks51
\verbatim@line=\toks52
\verbatim@in@stream=\read4
)
(/nix/store/3b1j5jipjpakdak6par146z865lwq8rp-texlive-2025-r78234-final-env-texm
fdist/tex/latex/environ/environ.sty
Package: environ 2014/05/04 v0.3 A new way to define environments

(/nix/store/3b1j5jipjpakdak6par146z865lwq8rp-texlive-2025-r78234-final-env-texm
fdist/tex/latex/trimspaces/trimspaces.sty
Package: trimspaces 2009/09/17 v1.1 Trim spaces around a token list
))
\tcb@titlebox=\box80
\tcb@upperbox=\box81
\tcb@lowerbox=\box82
\tcb@phantombox=\box83
\c@tcbbreakpart=\count352
\c@tcblayer=\count353
\c@tcolorbox@number=\count354
\l__tcobox_tmpa_box=\box84
\l__tcobox_tmpa_dim=\dimen316
\tcb@temp=\box85
\tcb@temp=\box86
\tcb@temp=\box87
\tcb@temp=\box88
)
(/nix/store/3b1j5jipjpakdak6par146z865lwq8rp-texlive-2025-r78234-final-env-texm
fdist/tex/latex/listings/listings.sty
\lst@mode=\count355
\lst@gtempboxa=\box89
\lst@token=\toks53
\lst@length=\count356
\lst@currlwidth=\dimen317
\lst@column=\count357
\lst@pos=\count358
\lst@lostspace=\dimen318
\lst@width=\dimen319
\lst@newlines=\count359
\lst@lineno=\count360
\lst@maxwidth=\dimen320

(/nix/store/3b1j5jipjpakdak6par146z865lwq8rp-texlive-2025-r78234-final-env-texm
fdist/tex/latex/listings/lstpatch.sty
File: lstpatch.sty 2025/11/14 1.11b (Carsten Heinz)
)
(/nix/store/3b1j5jipjpakdak6par146z865lwq8rp-texlive-2025-r78234-final-env-texm
fdist/tex/latex/listings/lstmisc.sty
File: lstmisc.sty 2025/11/14 1.11b (Carsten Heinz)
\c@lstnumber=\count361
\lst@skipnumbers=\count362
\lst@framebox=\box90
)
(/nix/store/3b1j5jipjpakdak6par146z865lwq8rp-texlive-2025-r78234-final-env-texm
fdist/tex/latex/listings/listings.cfg
File: listings.cfg 2025/11/14 1.11b listings configuration
))
Package: listings 2025/11/14 1.11b (Carsten Heinz)

==> First Aid for listings.sty no longer applied!
    Expected:
        2024/09/23 1.10c (Carsten Heinz)
    but found:
        2025/11/14 1.11b (Carsten Heinz)
    so I'm assuming it got fixed.

(/nix/store/3b1j5jipjpakdak6par146z865lwq8rp-texlive-2025-r78234-final-env-texm
fdist/tex/latex/hyperref/hyperref.sty
Package: hyperref 2026-01-29 v7.01p Hypertext links for LaTeX

(/nix/store/3b1j5jipjpakdak6par146z865lwq8rp-texlive-2025-r78234-final-env-texm
fdist/tex/latex/kvsetkeys/kvsetkeys.sty
Package: kvsetkeys 2022-10-05 v1.19 Key value parser (HO)
)
(/nix/store/3b1j5jipjpakdak6par146z865lwq8rp-texlive-2025-r78234-final-env-texm
fdist/tex/generic/kvdefinekeys/kvdefinekeys.sty
Package: kvdefinekeys 2019-12-19 v1.6 Define keys (HO)
)
(/nix/store/3b1j5jipjpakdak6par146z865lwq8rp-texlive-2025-r78234-final-env-texm
fdist/tex/generic/pdfescape/pdfescape.sty
Package: pdfescape 2019/12/09 v1.15 Implements pdfTeX's escape features (HO)

(/nix/store/3b1j5jipjpakdak6par146z865lwq8rp-texlive-2025-r78234-final-env-texm
fdist/tex/generic/ltxcmds/ltxcmds.sty
Package: ltxcmds 2023-12-04 v1.26 LaTeX kernel commands for general use (HO)
)
(/nix/store/3b1j5jipjpakdak6par146z865lwq8rp-texlive-2025-r78234-final-env-texm
fdist/tex/generic/pdftexcmds/pdftexcmds.sty
Package: pdftexcmds 2020-06-27 v0.33 Utility functions of pdfTeX for LuaTeX (HO
)

(/nix/store/3b1j5jipjpakdak6par146z865lwq8rp-texlive-2025-r78234-final-env-texm
fdist/tex/generic/infwarerr/infwarerr.sty
Package: infwarerr 2019/12/03 v1.5 Providing info/warning/error messages (HO)
)
Package pdftexcmds Info: \pdf@primitive is available.
Package pdftexcmds Info: \pdf@ifprimitive is available.
Package pdftexcmds Info: \pdfdraftmode found.
))
(/nix/store/3b1j5jipjpakdak6par146z865lwq8rp-texlive-2025-r78234-final-env-texm
fdist/tex/latex/hycolor/hycolor.sty
Package: hycolor 2020-01-27 v1.10 Color options for hyperref/bookmark (HO)
)
(/nix/store/3b1j5jipjpakdak6par146z865lwq8rp-texlive-2025-r78234-final-env-texm
fdist/tex/latex/hyperref/nameref.sty
Package: nameref 2026-01-29 v2.58 Cross-referencing by name of section

(/nix/store/3b1j5jipjpakdak6par146z865lwq8rp-texlive-2025-r78234-final-env-texm
fdist/tex/latex/refcount/refcount.sty
Package: refcount 2019/12/15 v3.6 Data extraction from label references (HO)
)
(/nix/store/3b1j5jipjpakdak6par146z865lwq8rp-texlive-2025-r78234-final-env-texm
fdist/tex/generic/gettitlestring/gettitlestring.sty
Package: gettitlestring 2019/12/15 v1.6 Cleanup title references (HO)

(/nix/store/3b1j5jipjpakdak6par146z865lwq8rp-texlive-2025-r78234-final-env-texm
fdist/tex/latex/kvoptions/kvoptions.sty
Package: kvoptions 2022-06-15 v3.15 Key value format for package options (HO)
))
\c@section@level=\count363
)
(/nix/store/3b1j5jipjpakdak6par146z865lwq8rp-texlive-2025-r78234-final-env-texm
fdist/tex/generic/stringenc/stringenc.sty
Package: stringenc 2019/11/29 v1.12 Convert strings between diff. encodings (HO
)
)
\@linkdim=\dimen321
\Hy@linkcounter=\count364
\Hy@pagecounter=\count365

(/nix/store/3b1j5jipjpakdak6par146z865lwq8rp-texlive-2025-r78234-final-env-texm
fdist/tex/latex/hyperref/pd1enc.def
File: pd1enc.def 2026-01-29 v7.01p Hyperref: PDFDocEncoding definition (HO)
Now handling font encoding PD1 ...
... no UTF-8 mapping file for font encoding PD1
)
(/nix/store/3b1j5jipjpakdak6par146z865lwq8rp-texlive-2025-r78234-final-env-texm
fdist/tex/generic/intcalc/intcalc.sty
Package: intcalc 2019/12/15 v1.3 Expandable calculations with integers (HO)
)
\Hy@SavedSpaceFactor=\count366

(/nix/store/3b1j5jipjpakdak6par146z865lwq8rp-texlive-2025-r78234-final-env-texm
fdist/tex/latex/hyperref/puenc.def
File: puenc.def 2026-01-29 v7.01p Hyperref: PDF Unicode definition (HO)
Now handling font encoding PU ...
... no UTF-8 mapping file for font encoding PU
)
Package hyperref Info: Hyper figures OFF on input line 4201.
Package hyperref Info: Link nesting OFF on input line 4206.
Package hyperref Info: Hyper index ON on input line 4209.
Package hyperref Info: Plain pages OFF on input line 4216.
Package hyperref Info: Backreferencing OFF on input line 4221.
Package hyperref Info: Implicit mode ON; LaTeX internals redefined.
Package hyperref Info: Bookmarks ON on input line 4468.
\c@Hy@tempcnt=\count367

(/nix/store/3b1j5jipjpakdak6par146z865lwq8rp-texlive-2025-r78234-final-env-texm
fdist/tex/latex/url/url.sty
\Urlmuskip=\muskip18
Package: url 2013/09/16  ver 3.4  Verb mode for urls, etc.
)
LaTeX Info: Redefining \url on input line 4807.
\XeTeXLinkMargin=\dimen322

(/nix/store/3b1j5jipjpakdak6par146z865lwq8rp-texlive-2025-r78234-final-env-texm
fdist/tex/generic/bitset/bitset.sty
Package: bitset 2019/12/09 v1.3 Handle bit-vector datatype (HO)

(/nix/store/3b1j5jipjpakdak6par146z865lwq8rp-texlive-2025-r78234-final-env-texm
fdist/tex/generic/bigintcalc/bigintcalc.sty
Package: bigintcalc 2019/12/15 v1.5 Expandable calculations on big integers (HO
)
))
\Fld@menulength=\count368
\Field@Width=\dimen323
\Fld@charsize=\dimen324
Package hyperref Info: Hyper figures OFF on input line 6084.
Package hyperref Info: Link nesting OFF on input line 6089.
Package hyperref Info: Hyper index ON on input line 6092.
Package hyperref Info: backreferencing OFF on input line 6099.
Package hyperref Info: Link coloring OFF on input line 6104.
Package hyperref Info: Link coloring with OCG OFF on input line 6109.
Package hyperref Info: PDF/A mode OFF on input line 6114.
\Hy@abspage=\count369
\c@Item=\count370
\c@Hfootnote=\count371
)
Package hyperref Info: Driver (autodetected): hpdftex.

(/nix/store/3b1j5jipjpakdak6par146z865lwq8rp-texlive-2025-r78234-final-env-texm
fdist/tex/latex/hyperref/hpdftex.def
File: hpdftex.def 2026-01-29 v7.01p Hyperref driver for pdfTeX
\Fld@listcount=\count372
\c@bookmark@seq@number=\count373

(/nix/store/3b1j5jipjpakdak6par146z865lwq8rp-texlive-2025-r78234-final-env-texm
fdist/tex/latex/rerunfilecheck/rerunfilecheck.sty
Package: rerunfilecheck 2025-06-21 v1.11 Rerun checks for auxiliary files (HO)

(/nix/store/3b1j5jipjpakdak6par146z865lwq8rp-texlive-2025-r78234-final-env-texm
fdist/tex/generic/uniquecounter/uniquecounter.sty
Package: uniquecounter 2019/12/15 v1.4 Provide unlimited unique counter (HO)
)
Package uniquecounter Info: New unique counter `rerunfilecheck' on input line 2
84.
)
\Hy@SectionHShift=\skip79
)
Package hyperref Info: Option `plainpages' set `false' on input line 196.


Package hyperref Warning: Option `pdfpagelabels' has already been used,
(hyperref)                setting the option has no effect on input line 196.

Package hyperref Info: Option `colorlinks' set `true' on input line 196.
)
Package csquotes Info: Checking for multilingual support...
Package csquotes Info: ... found 'babel' package.
Package csquotes Info: Adjusting default style.
Package csquotes Info: Redefining alias 'default' -> 'english'.
LaTeX Font Info:    Trying to load font information for T1+lmr on input line 5.


(/nix/store/3b1j5jipjpakdak6par146z865lwq8rp-texlive-2025-r78234-final-env-texm
fdist/tex/latex/lm/t1lmr.fd
File: t1lmr.fd 2015/05/01 v1.6.1 Font defs for Latin Modern
)
(/nix/store/3b1j5jipjpakdak6par146z865lwq8rp-texlive-2025-r78234-final-env-texm
fdist/tex/latex/l3backend/l3backend-pdftex.def
File: l3backend-pdftex.def 2025-10-09 L3 backend support: PDF output (pdfTeX)
\l__color_backend_stack_int=\count374
) (./main.aux
Package babel Info: 'french' activates 'french' shorthands.
(babel)             Reported on input line 13.
)
\openout1 = `main.aux'.

LaTeX Font Info:    Checking defaults for OML/cmm/m/it on input line 5.
LaTeX Font Info:    ... okay on input line 5.
LaTeX Font Info:    Checking defaults for OMS/cmsy/m/n on input line 5.
LaTeX Font Info:    ... okay on input line 5.
LaTeX Font Info:    Checking defaults for OT1/cmr/m/n on input line 5.
LaTeX Font Info:    ... okay on input line 5.
LaTeX Font Info:    Checking defaults for T1/cmr/m/n on input line 5.
LaTeX Font Info:    ... okay on input line 5.
LaTeX Font Info:    Checking defaults for TS1/cmr/m/n on input line 5.
LaTeX Font Info:    ... okay on input line 5.
LaTeX Font Info:    Checking defaults for OMX/cmex/m/n on input line 5.
LaTeX Font Info:    ... okay on input line 5.
LaTeX Font Info:    Checking defaults for U/cmr/m/n on input line 5.
LaTeX Font Info:    ... okay on input line 5.
LaTeX Font Info:    Checking defaults for PD1/pdf/m/n on input line 5.
LaTeX Font Info:    ... okay on input line 5.
LaTeX Font Info:    Checking defaults for PU/pdf/m/n on input line 5.
LaTeX Font Info:    ... okay on input line 5.
LaTeX Info: Redefining \degres on input line 5.
LaTeX Info: Redefining \microtypecontext on input line 5.
Package microtype Info: Applying patch `item' on input line 5.
Package microtype Info: Applying patch `toc' on input line 5.
Package microtype Info: Applying patch `eqnum' on input line 5.
Package microtype Info: Applying patch `footnote' on input line 5.
Package microtype Info: Applying patch `verbatim' on input line 5.
LaTeX Info: Redefining \microtypesetup on input line 5.
Package microtype Info: Generating PDF output.
Package microtype Info: Character protrusion enabled (level 2).
Package microtype Info: Using default protrusion set `alltext'.
Package microtype Info: Automatic font expansion enabled (level 2),
(microtype)             stretch: 20, shrink: 20, step: 1, non-selected.
Package microtype Info: Using default expansion set `alltext-nott'.
Package microtype Info: Patching command `\showhyphens'.
Package microtype Info: No adjustment of tracking.
Package microtype Info: No adjustment of interword spacing.
Package microtype Info: No adjustment of character kerning.

(/nix/store/3b1j5jipjpakdak6par146z865lwq8rp-texlive-2025-r78234-final-env-texm
fdist/tex/latex/microtype/mt-cmr.cfg
File: mt-cmr.cfg 2013/05/19 v2.2 microtype config. file: Computer Modern Roman 
(RS)
)
*geometry* driver: auto-detecting
*geometry* detected driver: pdftex
*geometry* verbose mode - [ preamble ] result:
* driver: pdftex
* paper: a4paper
* layout: <same size as paper>
* layoutoffset:(h,v)=(0.0pt,0.0pt)
* modes: 
* h-part:(L,W,R)=(76.82243pt, 443.863pt, 76.82243pt)
* v-part:(T,H,B)=(79.66771pt, 685.71143pt, 79.66771pt)
* \paperwidth=597.50787pt
* \paperheight=845.04684pt
* \textwidth=443.863pt
* \textheight=685.71143pt
* \oddsidemargin=4.55244pt
* \evensidemargin=4.55244pt
* \topmargin=-32.60228pt
* \headheight=15.0pt
* \headsep=25.0pt
* \topskip=11.0pt
* \footskip=34.1433pt
* \marginparwidth=50.0pt
* \marginparsep=10.0pt
* \columnsep=10.0pt
* \skip\footins=10.0pt plus 4.0pt minus 2.0pt
* \hoffset=0.0pt
* \voffset=0.0pt
* \mag=1000
* \@twocolumnfalse
* \@twosidefalse
* \@mparswitchfalse
* \@reversemarginfalse
* (1in=72.27pt=25.4mm, 1cm=28.453pt)


(/nix/store/3b1j5jipjpakdak6par146z865lwq8rp-texlive-2025-r78234-final-env-texm
fdist/tex/context/base/mkii/supp-pdf.mkii
[Loading MPS to PDF converter (version 2006.09.02).]
\scratchcounter=\count375
\scratchdimen=\dimen325
\scratchbox=\box91
\nofMPsegments=\count376
\nofMParguments=\count377
\everyMPshowfont=\toks54
\MPscratchCnt=\count378
\MPscratchDim=\dimen326
\MPnumerator=\count379
\makeMPintoPDFobject=\count380
\everyMPtoPDFconversion=\toks55
)
(/nix/store/3b1j5jipjpakdak6par146z865lwq8rp-texlive-2025-r78234-final-env-texm
fdist/tex/latex/epstopdf-pkg/epstopdf-base.sty
Package: epstopdf-base 2020-01-24 v2.11 Base part for package epstopdf
Package epstopdf-base Info: Redefining graphics rule for `.eps' on input line 4
85.

(/nix/store/3b1j5jipjpakdak6par146z865lwq8rp-texlive-2025-r78234-final-env-texm
fdist/tex/latex/latexconfig/epstopdf-sys.cfg
File: epstopdf-sys.cfg 2010/07/13 v1.3 Configuration of (r)epstopdf for TeX Liv
e
))
\c@lstlisting=\count381
Package hyperref Info: Link coloring ON on input line 5.
 (./main.out) (./main.out)
\@outlinefile=\write4
\openout4 = `main.out'.


(./sections/00_page_de_garde.tex
<assets/logo_etna.png, id=312, 371.3875pt x 116.435pt>
File: assets/logo_etna.png Graphic file (type png)
<use assets/logo_etna.png>
Package pdftex.def Info: assets/logo_etna.png  used on input line 9.
(pdftex.def)             Requested size: 117.97939pt x 36.98866pt.
LaTeX Font Info:    Trying to load font information for OT1+lmr on input line 1
4.

(/nix/store/3b1j5jipjpakdak6par146z865lwq8rp-texlive-2025-r78234-final-env-texm
fdist/tex/latex/lm/ot1lmr.fd
File: ot1lmr.fd 2015/05/01 v1.6.1 Font defs for Latin Modern
)
LaTeX Font Info:    Trying to load font information for OML+lmm on input line 1
4.

(/nix/store/3b1j5jipjpakdak6par146z865lwq8rp-texlive-2025-r78234-final-env-texm
fdist/tex/latex/lm/omllmm.fd
File: omllmm.fd 2015/05/01 v1.6.1 Font defs for Latin Modern
)
LaTeX Font Info:    Trying to load font information for OMS+lmsy on input line 
14.

(/nix/store/3b1j5jipjpakdak6par146z865lwq8rp-texlive-2025-r78234-final-env-texm
fdist/tex/latex/lm/omslmsy.fd
File: omslmsy.fd 2015/05/01 v1.6.1 Font defs for Latin Modern
)
LaTeX Font Info:    Trying to load font information for OMX+lmex on input line 
14.

(/nix/store/3b1j5jipjpakdak6par146z865lwq8rp-texlive-2025-r78234-final-env-texm
fdist/tex/latex/lm/omxlmex.fd
File: omxlmex.fd 2015/05/01 v1.6.1 Font defs for Latin Modern
)
LaTeX Font Info:    External font `lmex10' loaded for size
(Font)              <10.95> on input line 14.
LaTeX Font Info:    External font `lmex10' loaded for size
(Font)              <8> on input line 14.
LaTeX Font Info:    External font `lmex10' loaded for size
(Font)              <6> on input line 14.
LaTeX Font Info:    Trying to load font information for U+msa on input line 14.


(/nix/store/3b1j5jipjpakdak6par146z865lwq8rp-texlive-2025-r78234-final-env-texm
fdist/tex/latex/amsfonts/umsa.fd
File: umsa.fd 2013/01/14 v3.01 AMS symbols A
)
(/nix/store/3b1j5jipjpakdak6par146z865lwq8rp-texlive-2025-r78234-final-env-texm
fdist/tex/latex/microtype/mt-msa.cfg
File: mt-msa.cfg 2006/02/04 v1.1 microtype config. file: AMS symbols (a) (RS)
)
LaTeX Font Info:    Trying to load font information for U+msb on input line 14.


(/nix/store/3b1j5jipjpakdak6par146z865lwq8rp-texlive-2025-r78234-final-env-texm
fdist/tex/latex/amsfonts/umsb.fd
File: umsb.fd 2013/01/14 v3.01 AMS symbols B
)
(/nix/store/3b1j5jipjpakdak6par146z865lwq8rp-texlive-2025-r78234-final-env-texm
fdist/tex/latex/microtype/mt-msb.cfg
File: mt-msb.cfg 2005/06/01 v1.0 microtype config. file: AMS symbols (b) (RS)
)
<assets/logo_everbloo.png, id=314, 915.42pt x 148.555pt>
File: assets/logo_everbloo.png Graphic file (type png)
<use assets/logo_everbloo.png>
Package pdftex.def Info: assets/logo_everbloo.png  used on input line 18.
(pdftex.def)             Requested size: 192.85847pt x 31.2982pt.
 [1

{/nix/store/4lxl8gcf3chd83yhkbmb08386myra66f-texlive-2025-r78234-final-env/shar
e/texmf-var/fonts/map/pdftex/updmap/pdftex.map}{/nix/store/3b1j5jipjpakdak6par1
46z865lwq8rp-texlive-2025-r78234-final-env-texmfdist/fonts/enc/dvips/lm/lm-ec.e
nc} <./assets/logo_etna.png> <./assets/logo_everbloo.png>]) (./sections/00b_rem
erciements.tex [1

])
(./sections/01_resume.tex
LaTeX Font Info:    Trying to load font information for T1+lmtt on input line 5
.

(/nix/store/3b1j5jipjpakdak6par146z865lwq8rp-texlive-2025-r78234-final-env-texm
fdist/tex/latex/lm/t1lmtt.fd
File: t1lmtt.fd 2015/05/01 v1.6.1 Font defs for Latin Modern
)
Package microtype Info: Loading generic protrusion settings for font family
(microtype)             `lmtt' (encoding: T1).
(microtype)             For optimal results, create family-specific settings.
(microtype)             See the microtype manual for details.
) (./sections/01_abstract.tex [2

]) [3

] (./main.toc [4


])
\tf@toc=\write5
\openout5 = `main.toc'.

Package babel Info: 'french' activates 'french' shorthands.
(babel)             Reported on input line 31.
 [5] (./main.lof)
\tf@lof=\write6
\openout6 = `main.lof'.

 [6


] (./main.lot)
\tf@lot=\write7
\openout7 = `main.lot'.

 [7

] (./sections/03_introduction.tex
Chapitre 1.
) (./sections/04_partie1_contexte.tex
pdfTeX warning (ext4): destination with the same identifier (name{page.1}) has 
been already used, duplicate ignored
<to be read again> 
                   \relax 
l.1 \part{Contexte et environnement}
                                     [1

] [2

]
Chapitre 2.
File: assets/logo_everbloo.png Graphic file (type png)
<use assets/logo_everbloo.png>
Package pdftex.def Info: assets/logo_everbloo.png  used on input line 13.
(pdftex.def)             Requested size: 210.38852pt x 34.14322pt.
Package microtype Info: Character `029' is missing
(microtype)             in font `T1/lmr/m/sc/10.95'.
(microtype)             Ignoring protrusion settings for this character.
<assets/logo_metis.png, id=455, 501.875pt x 189.70876pt>
File: assets/logo_metis.png Graphic file (type png)
<use assets/logo_metis.png>
Package pdftex.def Info: assets/logo_metis.png  used on input line 24.
(pdftex.def)             Requested size: 90.32594pt x 34.14322pt.
[3

 <./assets/logo_metis.png>]
LaTeX Font Info:    Trying to load font information for TS1+lmr on input line 5
7.

(/nix/store/3b1j5jipjpakdak6par146z865lwq8rp-texlive-2025-r78234-final-env-texm
fdist/tex/latex/lm/ts1lmr.fd
File: ts1lmr.fd 2015/05/01 v1.6.1 Font defs for Latin Modern
) [4{/nix/store/3b1j5jipjpakdak6par146z865lwq8rp-texlive-2025-r78234-final-env-
texmfdist/fonts/enc/dvips/lm/lm-mathsy.enc}{/nix/store/3b1j5jipjpakdak6par146z8
65lwq8rp-texlive-2025-r78234-final-env-texmfdist/fonts/enc/dvips/lm/lm-ts1.enc}
]
Chapitre 3.
) [5

] (./sections/05_problematique.tex [6]
Chapitre 4.
) (./sections/06_partie2_realisations.tex [7

] [8

]
Chapitre 5.
<assets/metis_recherche_vols_hd.png, id=492, 2055.68pt x 959.585pt>
File: assets/metis_recherche_vols_hd.png Graphic file (type png)
<use assets/metis_recherche_vols_hd.png>
Package pdftex.def Info: assets/metis_recherche_vols_hd.png  used on input line
 13.
(pdftex.def)             Requested size: 421.66849pt x 196.83333pt.

Overfull \hbox (0.30075pt too wide) in paragraph at lines 24--25
[]\T1/lmr/m/n/10.95 (-20) Le lis-ting [][]5.1[][] montre \T1/lmtt/m/n/10.95 Sab
reAdapter.ts \T1/lmr/m/n/10.95 (-20) : les pay-loads ar-rivent dans \T1/lmtt/m/
n/10.95 CanonicalFlightOffer\T1/lmr/m/n/10.95 (-20) .
 []

Package hyperref Info: bookmark level for unknown lstlisting defaults to 0 on i
nput line 26.
LaTeX Font Info:    Font shape `T1/lmtt/bx/n' in size <9> not available
(Font)              Font shape `T1/lmtt/b/n' tried instead on input line 27.
[9

 <./assets/metis_recherche_vols_hd.png>] [10] [11]
<assets/metis_commande_cryptique.png, id=615, 1027.84pt x 655.44875pt>
File: assets/metis_commande_cryptique.png Graphic file (type png)
<use assets/metis_commande_cryptique.png>
Package pdftex.def Info: assets/metis_commande_cryptique.png  used on input lin
e 139.
(pdftex.def)             Requested size: 390.60161pt x 249.08311pt.
 [12 <./assets/metis_commande_cryptique.png>] [13]
Chapitre 6.
LaTeX Font Info:    Font shape `T1/lmtt/bx/n' in size <8> not available
(Font)              Font shape `T1/lmtt/b/n' tried instead on input line 179.
LaTeX Font Info:    Trying to load font information for T1+lmss on input line 1
84.

(/nix/store/3b1j5jipjpakdak6par146z865lwq8rp-texlive-2025-r78234-final-env-texm
fdist/tex/latex/lm/t1lmss.fd
File: t1lmss.fd 2015/05/01 v1.6.1 Font defs for Latin Modern
)
Package microtype Info: Loading generic protrusion settings for font family
(microtype)             `lmss' (encoding: T1).
(microtype)             For optimal results, create family-specific settings.
(microtype)             See the microtype manual for details.
LaTeX Font Info:    External font `lmex10' loaded for size
(Font)              <9> on input line 241.
LaTeX Font Info:    Trying to load font information for TS1+lmss on input line 
241.

(/nix/store/3b1j5jipjpakdak6par146z865lwq8rp-texlive-2025-r78234-final-env-texm
fdist/tex/latex/lm/ts1lmss.fd
File: ts1lmss.fd 2015/05/01 v1.6.1 Font defs for Latin Modern
)
Package microtype Info: Loading generic protrusion settings for font family
(microtype)             `lmss' (encoding: TS1).
(microtype)             For optimal results, create family-specific settings.
(microtype)             See the microtype manual for details.

Underfull \hbox (badness 10000) in paragraph at lines 254--254
[]|[]\T1/lmss/bx/n/9 (+20) Message trans-por-teur : \T1/lmss/m/n/9 (+20) le ta-
rif de la classe de-man-dée n'est plus dis-po-nible au même
 []

[14

{/nix/store/3b1j5jipjpakdak6par146z865lwq8rp-texlive-2025-r78234-final-env-texm
fdist/fonts/enc/dvips/lm/lm-mathit.enc}{/nix/store/3b1j5jipjpakdak6par146z865lw
q8rp-texlive-2025-r78234-final-env-texmfdist/fonts/enc/dvips/lm/lm-rm.enc}]
Overfull \hbox (12.53705pt too wide) in paragraph at lines 276--277
[]\T1/lmr/m/n/10.95 (-20) Le lis-ting [][]6.1[][] (\T1/lmtt/m/n/10.95 orderCrea
tion.utils.ts\T1/lmr/m/n/10.95 (-20) ) couvre le net-toyage AS-CII, \T1/lmtt/m/
n/10.95 associatedAdultRefId
 []

[15] [16] [17]
Chapitre 7.

Overfull \hbox (39.10014pt too wide) in paragraph at lines 389--390
\T1/lmr/m/n/10.95 (-20) Le gou-lot reste la la-tence des four-nis-seurs, pas le
 SQL lo-cal. Dans \T1/lmtt/m/n/10.95 api-aerial\T1/lmr/m/n/10.95 (-20) , \T1/lm
tt/m/n/10.95 createShoppingPayload
 []

[18

]
Chapitre 8.

Overfull \hbox (11.7159pt too wide) in paragraph at lines 400--401
\T1/lmr/m/n/10.95 (-20) dix mi-nutes. La de-vise est lue une fois en tête de re
-quête, in-jec-tée dans \T1/lmtt/m/n/10.95 req.context.posCurrency\T1/lmr/m/n/1
0.95 (-20) ,
 []

[19

]
Chapitre 9.
LaTeX Font Info:    Font shape `T1/lmtt/bx/n' in size <10.95> not available
(Font)              Font shape `T1/lmtt/b/n' tried instead on input line 413.

Overfull \hbox (5.91321pt too wide) in paragraph at lines 419--420
\T1/lmr/m/n/10.95 (-20) par-taient tous en pa-ral-lèle. Les dia-logues \T1/lmtt
/m/n/10.95 DialogUpdateSabre.vue \T1/lmr/m/n/10.95 (-20) et \T1/lmtt/m/n/10.95 
DialogImportProfil.vue
 []

[20

]
Chapitre 10.
) (./sections/07_partie3_demarche_reflexive.tex [21

{/nix/store/3b1j5jipjpakdak6par146z865lwq8rp-texlive-2025-r78234-final-env-texm
fdist/fonts/enc/dvips/lm/lm-mathex.enc}] [22

]
Chapitre 11.
LaTeX Font Info:    Font shape `T1/lmtt/bx/n' in size <12> not available
(Font)              Font shape `T1/lmtt/b/n' tried instead on input line 23.
[23

]
Overfull \hbox (82.67513pt too wide) in paragraph at lines 33--34
[]\T1/lmr/m/n/10.95 (-20) En test, après un re-fus, Pi-nia gar-dait par-fois le
s iden-ti-fiants de l'an-cienne offre. \T1/lmtt/m/n/10.95 useBookingStore().$re
set()
 []

[24]
Chapitre 12.
[25

] [26] [27] [28]
Chapitre 13.
) (./sections/08_conclusion.tex [29

]
Chapitre 14.
) (./sections/02_sigles_abreviations.tex [30

]
Overfull \hbox (1.23785pt too wide) in alignment at lines 11--16
 [] [] 
 []


Overfull \hbox (1.23785pt too wide) in alignment at lines 16--22
 [] [] 
 []


Overfull \hbox (1.23785pt too wide) in alignment at lines 22--25
 [] [] 
 []


Overfull \hbox (1.23785pt too wide) in alignment at lines 25--41
 [] [] 
 []

) (./sections/09_glossaire_bibliographie.tex [31

]
Overfull \hbox (1.23785pt too wide) in alignment at lines 11--16
 [] [] 
 []


Overfull \hbox (1.23785pt too wide) in alignment at lines 16--22
 [] [] 
 []


Overfull \hbox (1.23785pt too wide) in alignment at lines 22--25
 [] [] 
 []


Underfull \hbox (badness 10000) in paragraph at lines 29--29
[]|\T1/lmr/bx/n/10 (+20) Debit Memo
 []


Overfull \hbox (1.23785pt too wide) in alignment at lines 25--35
 [] [] 
 []

[32

]
Overfull \hbox (27.23389pt too wide) in paragraph at lines 57--58
\T1/lmtt/m/n/10.95 retry.match: [/Deadlock/i]\T1/lmr/m/n/10.95 (-20) ). Is-sue 
fer-mée, fil conservé. [][]$\T1/lmtt/m/n/10.95 https : / / github . com / seque
lize /
 []


Overfull \hbox (144.05476pt too wide) in paragraph at lines 58--59
\T1/lmr/m/n/10.95 (-20) glish. [][]$\T1/lmtt/m/n/10.95 https : / / javascript .
 plainenglish . io / how-[]to-[]handle-[]database-[]deadlock-[]in-[]sequelize-[
]6bee46e9ed99$[][]
 []


Overfull \hbox (200.63345pt too wide) in paragraph at lines 58--59
\T1/lmr/m/n/10.95 (-20) (consulté en 2026 ; co-pie aussi sur [][]$\T1/lmtt/m/n/
10.95 https : / / plainenglish . io / javascript / how-[]to-[]handle-[]database
-[]deadlock-[]in-[]sequelize$[][]\T1/lmr/m/n/10.95 (-20) ). 
 []

[33

]) [34] (./main.aux)
 ***********
LaTeX2e <2025-11-01>
L3 programming layer <2026-01-19>
 ***********
Package rerunfilecheck Info: File `main.out' has not changed.
(rerunfilecheck)             Checksum: 19645B685E34C862763E2A024C5C4F1A;13712.
 ) 
Here is how much of TeX's memory you used:
 33562 strings out of 467535
 649809 string characters out of 5388798
 1350139 words of memory out of 5000000
 61137 multiletter control sequences out of 15000+600000
 767345 words of font info for 278 fonts, out of 8000000 for 9000
 1141 hyphenation exceptions out of 8191
 89i,16n,97p,1001b,2197s stack positions out of 10000i,1000n,20000p,200000b,200000s
</nix/store/3b1j5jipjpakdak6par146z865lwq8rp-texlive-2025-r78234-final-env-te
xmfdist/fonts/type1/public/lm/lmbx10.pfb></nix/store/3b1j5jipjpakdak6par146z865
lwq8rp-texlive-2025-r78234-final-env-texmfdist/fonts/type1/public/lm/lmbx12.pfb
></nix/store/3b1j5jipjpakdak6par146z865lwq8rp-texlive-2025-r78234-final-env-tex
mfdist/fonts/type1/public/lm/lmbx8.pfb></nix/store/3b1j5jipjpakdak6par146z865lw
q8rp-texlive-2025-r78234-final-env-texmfdist/fonts/type1/public/lm/lmcsc10.pfb>
</nix/store/3b1j5jipjpakdak6par146z865lwq8rp-texlive-2025-r78234-final-env-texm
fdist/fonts/type1/public/lm/lmex10.pfb></nix/store/3b1j5jipjpakdak6par146z865lw
q8rp-texlive-2025-r78234-final-env-texmfdist/fonts/type1/public/lm/lmmi10.pfb><
/nix/store/3b1j5jipjpakdak6par146z865lwq8rp-texlive-2025-r78234-final-env-texmf
dist/fonts/type1/public/lm/lmmi8.pfb></nix/store/3b1j5jipjpakdak6par146z865lwq8
rp-texlive-2025-r78234-final-env-texmfdist/fonts/type1/public/lm/lmr10.pfb></ni
x/store/3b1j5jipjpakdak6par146z865lwq8rp-texlive-2025-r78234-final-env-texmfdis
t/fonts/type1/public/lm/lmr12.pfb></nix/store/3b1j5jipjpakdak6par146z865lwq8rp-
texlive-2025-r78234-final-env-texmfdist/fonts/type1/public/lm/lmr6.pfb></nix/st
ore/3b1j5jipjpakdak6par146z865lwq8rp-texlive-2025-r78234-final-env-texmfdist/fo
nts/type1/public/lm/lmr8.pfb></nix/store/3b1j5jipjpakdak6par146z865lwq8rp-texli
ve-2025-r78234-final-env-texmfdist/fonts/type1/public/lm/lmr9.pfb></nix/store/3
b1j5jipjpakdak6par146z865lwq8rp-texlive-2025-r78234-final-env-texmfdist/fonts/t
ype1/public/lm/lmri10.pfb></nix/store/3b1j5jipjpakdak6par146z865lwq8rp-texlive-
2025-r78234-final-env-texmfdist/fonts/type1/public/lm/lmss10.pfb></nix/store/3b
1j5jipjpakdak6par146z865lwq8rp-texlive-2025-r78234-final-env-texmfdist/fonts/ty
pe1/public/lm/lmss8.pfb></nix/store/3b1j5jipjpakdak6par146z865lwq8rp-texlive-20
25-r78234-final-env-texmfdist/fonts/type1/public/lm/lmss9.pfb></nix/store/3b1j5
jipjpakdak6par146z865lwq8rp-texlive-2025-r78234-final-env-texmfdist/fonts/type1
/public/lm/lmssbx10.pfb></nix/store/3b1j5jipjpakdak6par146z865lwq8rp-texlive-20
25-r78234-final-env-texmfdist/fonts/type1/public/lm/lmsso8.pfb></nix/store/3b1j
5jipjpakdak6par146z865lwq8rp-texlive-2025-r78234-final-env-texmfdist/fonts/type
1/public/lm/lmsy10.pfb></nix/store/3b1j5jipjpakdak6par146z865lwq8rp-texlive-202
5-r78234-final-env-texmfdist/fonts/type1/public/lm/lmsy8.pfb></nix/store/3b1j5j
ipjpakdak6par146z865lwq8rp-texlive-2025-r78234-final-env-texmfdist/fonts/type1/
public/lm/lmsy9.pfb></nix/store/3b1j5jipjpakdak6par146z865lwq8rp-texlive-2025-r
78234-final-env-texmfdist/fonts/type1/public/lm/lmtk10.pfb></nix/store/3b1j5jip
jpakdak6par146z865lwq8rp-texlive-2025-r78234-final-env-texmfdist/fonts/type1/pu
blic/lm/lmtt10.pfb></nix/store/3b1j5jipjpakdak6par146z865lwq8rp-texlive-2025-r7
8234-final-env-texmfdist/fonts/type1/public/lm/lmtt8.pfb></nix/store/3b1j5jipjp
akdak6par146z865lwq8rp-texlive-2025-r78234-final-env-texmfdist/fonts/type1/publ
ic/lm/lmtt9.pfb></nix/store/3b1j5jipjpakdak6par146z865lwq8rp-texlive-2025-r7823
4-final-env-texmfdist/fonts/type1/public/lm/lmtti10.pfb>
Output written on main.pdf (42 pages, 952932 bytes).
PDF statistics:
 1185 PDF objects out of 1200 (max. 8388607)
 1043 compressed objects within 11 object streams
 429 named destinations out of 1000 (max. 500000)
 95926 words of extra memory for PDF output out of 106986 (max. 10000000)

